Archive member included to satisfy reference by file (symbol)

C:/PROGRA~2/ARMGNU~1/133167~1.3RE/bin/../lib/gcc/arm-none-eabi/13.3.1/thumb/v7e-m/nofp\libgcc.a(_arm_mulsf3.o)
                              CMakeFiles/FlashRainbow.elf.dir/Core/Src/system_stm32h7xx.c.obj (__aeabi_fmul)
C:/PROGRA~2/ARMGNU~1/133167~1.3RE/bin/../lib/gcc/arm-none-eabi/13.3.1/thumb/v7e-m/nofp\libgcc.a(_arm_addsubsf3.o)
                              CMakeFiles/FlashRainbow.elf.dir/Core/Src/system_stm32h7xx.c.obj (__aeabi_fadd)
C:/PROGRA~2/ARMGNU~1/133167~1.3RE/bin/../lib/gcc/arm-none-eabi/13.3.1/thumb/v7e-m/nofp\libgcc.a(_arm_muldivsf3.o)
                              CMakeFiles/FlashRainbow.elf.dir/Core/Src/system_stm32h7xx.c.obj (__aeabi_fdiv)
C:/PROGRA~2/ARMGNU~1/133167~1.3RE/bin/../lib/gcc/arm-none-eabi/13.3.1/thumb/v7e-m/nofp\libgcc.a(_arm_cmpsf2.o)
                              CMakeFiles/FlashRainbow.elf.dir/Libs/longhorn-lib-2025/led.c.obj (__aeabi_fcmpgt)
C:/PROGRA~2/ARMGNU~1/133167~1.3RE/bin/../lib/gcc/arm-none-eabi/13.3.1/thumb/v7e-m/nofp\libgcc.a(_arm_fixunssfsi.o)
                              CMakeFiles/FlashRainbow.elf.dir/Core/Src/system_stm32h7xx.c.obj (__aeabi_f2uiz)
C:/PROGRA~2/ARMGNU~1/133167~1.3RE/bin/../lib/gcc/arm-none-eabi/13.3.1/thumb/v7e-m/nofp\libc.a(libc_a-exit.o)
                              C:/PROGRA~2/ARMGNU~1/133167~1.3RE/bin/../lib/gcc/arm-none-eabi/13.3.1/thumb/v7e-m/nofp/crt0.o (exit)
C:/PROGRA~2/ARMGNU~1/133167~1.3RE/bin/../lib/gcc/arm-none-eabi/13.3.1/thumb/v7e-m/nofp\libc.a(libc_a-ctype_.o)
                              CMakeFiles/FlashRainbow.elf.dir/Libs/longhorn-lib-2025/usb_vcp.c.obj (_ctype_)
C:/PROGRA~2/ARMGNU~1/133167~1.3RE/bin/../lib/gcc/arm-none-eabi/13.3.1/thumb/v7e-m/nofp\libc.a(libc_a-findfp.o)
                              C:/PROGRA~2/ARMGNU~1/133167~1.3RE/bin/../lib/gcc/arm-none-eabi/13.3.1/thumb/v7e-m/nofp\libc.a(libc_a-exit.o) (__stdio_exit_handler)
C:/PROGRA~2/ARMGNU~1/133167~1.3RE/bin/../lib/gcc/arm-none-eabi/13.3.1/thumb/v7e-m/nofp\libc.a(libc_a-fwalk.o)
                              C:/PROGRA~2/ARMGNU~1/133167~1.3RE/bin/../lib/gcc/arm-none-eabi/13.3.1/thumb/v7e-m/nofp\libc.a(libc_a-findfp.o) (_fwalk_sglue)
C:/PROGRA~2/ARMGNU~1/133167~1.3RE/bin/../lib/gcc/arm-none-eabi/13.3.1/thumb/v7e-m/nofp\libc.a(libc_a-stdio.o)
                              C:/PROGRA~2/ARMGNU~1/133167~1.3RE/bin/../lib/gcc/arm-none-eabi/13.3.1/thumb/v7e-m/nofp\libc.a(libc_a-findfp.o) (__sread)
C:/PROGRA~2/ARMGNU~1/133167~1.3RE/bin/../lib/gcc/arm-none-eabi/13.3.1/thumb/v7e-m/nofp\libc.a(libc_a-vsnprintf.o)
                              CMakeFiles/FlashRainbow.elf.dir/Libs/longhorn-lib-2025/usb_vcp.c.obj (vsnprintf)
C:/PROGRA~2/ARMGNU~1/133167~1.3RE/bin/../lib/gcc/arm-none-eabi/13.3.1/thumb/v7e-m/nofp\libc.a(libc_a-memset.o)
                              C:/PROGRA~2/ARMGNU~1/133167~1.3RE/bin/../lib/gcc/arm-none-eabi/13.3.1/thumb/v7e-m/nofp/crt0.o (memset)
C:/PROGRA~2/ARMGNU~1/133167~1.3RE/bin/../lib/gcc/arm-none-eabi/13.3.1/thumb/v7e-m/nofp\libc.a(libc_a-closer.o)
                              C:/PROGRA~2/ARMGNU~1/133167~1.3RE/bin/../lib/gcc/arm-none-eabi/13.3.1/thumb/v7e-m/nofp\libc.a(libc_a-stdio.o) (_close_r)
C:/PROGRA~2/ARMGNU~1/133167~1.3RE/bin/../lib/gcc/arm-none-eabi/13.3.1/thumb/v7e-m/nofp\libc.a(libc_a-reent.o)
                              C:/PROGRA~2/ARMGNU~1/133167~1.3RE/bin/../lib/gcc/arm-none-eabi/13.3.1/thumb/v7e-m/nofp\libc.a(libc_a-closer.o) (errno)
C:/PROGRA~2/ARMGNU~1/133167~1.3RE/bin/../lib/gcc/arm-none-eabi/13.3.1/thumb/v7e-m/nofp\libc.a(libc_a-impure.o)
                              C:/PROGRA~2/ARMGNU~1/133167~1.3RE/bin/../lib/gcc/arm-none-eabi/13.3.1/thumb/v7e-m/nofp\libc.a(libc_a-vsnprintf.o) (_impure_ptr)
C:/PROGRA~2/ARMGNU~1/133167~1.3RE/bin/../lib/gcc/arm-none-eabi/13.3.1/thumb/v7e-m/nofp\libc.a(libc_a-lseekr.o)
                              C:/PROGRA~2/ARMGNU~1/133167~1.3RE/bin/../lib/gcc/arm-none-eabi/13.3.1/thumb/v7e-m/nofp\libc.a(libc_a-stdio.o) (_lseek_r)
C:/PROGRA~2/ARMGNU~1/133167~1.3RE/bin/../lib/gcc/arm-none-eabi/13.3.1/thumb/v7e-m/nofp\libc.a(libc_a-readr.o)
                              C:/PROGRA~2/ARMGNU~1/133167~1.3RE/bin/../lib/gcc/arm-none-eabi/13.3.1/thumb/v7e-m/nofp\libc.a(libc_a-stdio.o) (_read_r)
C:/PROGRA~2/ARMGNU~1/133167~1.3RE/bin/../lib/gcc/arm-none-eabi/13.3.1/thumb/v7e-m/nofp\libc.a(libc_a-writer.o)
                              C:/PROGRA~2/ARMGNU~1/133167~1.3RE/bin/../lib/gcc/arm-none-eabi/13.3.1/thumb/v7e-m/nofp\libc.a(libc_a-stdio.o) (_write_r)
C:/PROGRA~2/ARMGNU~1/133167~1.3RE/bin/../lib/gcc/arm-none-eabi/13.3.1/thumb/v7e-m/nofp\libc.a(libc_a-errno.o)
                              CMakeFiles/FlashRainbow.elf.dir/Core/Src/syscalls.c.obj (__errno)
C:/PROGRA~2/ARMGNU~1/133167~1.3RE/bin/../lib/gcc/arm-none-eabi/13.3.1/thumb/v7e-m/nofp\libc.a(libc_a-init.o)
                              C:/PROGRA~2/ARMGNU~1/133167~1.3RE/bin/../lib/gcc/arm-none-eabi/13.3.1/thumb/v7e-m/nofp/crt0.o (__libc_init_array)
[...]
Memory Configuration

Name             Origin             Length             Attributes
ITCMRAM          0x00000000         0x00010000         xrw
DTCMRAM          0x20000000         0x00020000         xrw
FLASH            0x08000000         0x00100000         xr
RAM_D1           0x24000000         0x00050000         xrw
RAM_D2           0x30000000         0x00008000         xrw
RAM_D3           0x38000000         0x00004000         xrw
*default*        0x00000000         0xffffffff

Linker script and memory map

LOAD C:/PROGRA~2/ARMGNU~1/133167~1.3RE/bin/../lib/gcc/arm-none-eabi/13.3.1/thumb/v7e-m/nofp/crti.o
LOAD C:/PROGRA~2/ARMGNU~1/133167~1.3RE/bin/../lib/gcc/arm-none-eabi/13.3.1/thumb/v7e-m/nofp/crtbegin.o
LOAD C:/PROGRA~2/ARMGNU~1/133167~1.3RE/bin/../lib/gcc/arm-none-eabi/13.3.1/thumb/v7e-m/nofp/crt0.o
LOAD CMakeFiles/FlashRainbow.elf.dir/Core/Src/adbms.c.obj
LOAD CMakeFiles/FlashRainbow.elf.dir/Core/Src/gpio.c.obj
LOAD CMakeFiles/FlashRainbow.elf.dir/Core/Src/main.c.obj
LOAD CMakeFiles/FlashRainbow.elf.dir/Core/Src/memorymap.c.obj
LOAD CMakeFiles/FlashRainbow.elf.dir/Core/Src/spi.c.obj
LOAD CMakeFiles/FlashRainbow.elf.dir/Core/Src/stm32h7xx_hal_msp.c.obj
LOAD CMakeFiles/FlashRainbow.elf.dir/Core/Src/stm32h7xx_it.c.obj
LOAD CMakeFiles/FlashRainbow.elf.dir/Core/Src/syscalls.c.obj
LOAD CMakeFiles/FlashRainbow.elf.dir/Core/Src/sysmem.c.obj
LOAD CMakeFiles/FlashRainbow.elf.dir/Core/Src/system_stm32h7xx.c.obj
LOAD CMakeFiles/FlashRainbow.elf.dir/Core/Src/tim.c.obj
LOAD CMakeFiles/FlashRainbow.elf.dir/Core/Startup/startup_stm32h723vgtx.s.obj
LOAD CMakeFiles/FlashRainbow.elf.dir/Drivers/STM32H7xx_HAL_Driver/Src/stm32h7xx_hal.c.obj
LOAD CMakeFiles/FlashRainbow.elf.dir/Drivers/STM32H7xx_HAL_Driver/Src/stm32h7xx_hal_cortex.c.obj
LOAD CMakeFiles/FlashRainbow.elf.dir/Drivers/STM32H7xx_HAL_Driver/Src/stm32h7xx_hal_dma.c.obj
LOAD CMakeFiles/FlashRainbow.elf.dir/Drivers/STM32H7xx_HAL_Driver/Src/stm32h7xx_hal_dma_ex.c.obj
LOAD CMakeFiles/FlashRainbow.elf.dir/Drivers/STM32H7xx_HAL_Driver/Src/stm32h7xx_hal_exti.c.obj
LOAD CMakeFiles/FlashRainbow.elf.dir/Drivers/STM32H7xx_HAL_Driver/Src/stm32h7xx_hal_flash.c.obj
LOAD CMakeFiles/FlashRainbow.elf.dir/Drivers/STM32H7xx_HAL_Driver/Src/stm32h7xx_hal_flash_ex.c.obj
LOAD CMakeFiles/FlashRainbow.elf.dir/Drivers/STM32H7xx_HAL_Driver/Src/stm32h7xx_hal_gpio.c.obj
LOAD CMakeFiles/FlashRainbow.elf.dir/Drivers/STM32H7xx_HAL_Driver/Src/stm32h7xx_hal_hsem.c.obj
LOAD CMakeFiles/FlashRainbow.elf.dir/Drivers/STM32H7xx_HAL_Driver/Src/stm32h7xx_hal_i2c.c.obj
LOAD CMakeFiles/FlashRainbow.elf.dir/Drivers/STM32H7xx_HAL_Driver/Src/stm32h7xx_hal_i2c_ex.c.obj
LOAD CMakeFiles/FlashRainbow.elf.dir/Drivers/STM32H7xx_HAL_Driver/Src/stm32h7xx_hal_mdma.c.obj
LOAD CMakeFiles/FlashRainbow.elf.dir/Drivers/STM32H7xx_HAL_Driver/Src/stm32h7xx_hal_pcd.c.obj
LOAD CMakeFiles/FlashRainbow.elf.dir/Drivers/STM32H7xx_HAL_Driver/Src/stm32h7xx_hal_pcd_ex.c.obj
LOAD CMakeFiles/FlashRainbow.elf.dir/Drivers/STM32H7xx_HAL_Driver/Src/stm32h7xx_hal_pwr.c.obj
LOAD CMakeFiles/FlashRainbow.elf.dir/Drivers/STM32H7xx_HAL_Driver/Src/stm32h7xx_hal_pwr_ex.c.obj
LOAD CMakeFiles/FlashRainbow.elf.dir/Drivers/STM32H7xx_HAL_Driver/Src/stm32h7xx_hal_rcc.c.obj
LOAD CMakeFiles/FlashRainbow.elf.dir/Drivers/STM32H7xx_HAL_Driver/Src/stm32h7xx_hal_rcc_ex.c.obj
LOAD CMakeFiles/FlashRainbow.elf.dir/Drivers/STM32H7xx_HAL_Driver/Src/stm32h7xx_hal_spi.c.obj
LOAD CMakeFiles/FlashRainbow.elf.dir/Drivers/STM32H7xx_HAL_Driver/Src/stm32h7xx_hal_spi_ex.c.obj
LOAD CMakeFiles/FlashRainbow.elf.dir/Drivers/STM32H7xx_HAL_Driver/Src/stm32h7xx_hal_tim.c.obj
LOAD CMakeFiles/FlashRainbow.elf.dir/Drivers/STM32H7xx_HAL_Driver/Src/stm32h7xx_hal_tim_ex.c.obj
LOAD CMakeFiles/FlashRainbow.elf.dir/Drivers/STM32H7xx_HAL_Driver/Src/stm32h7xx_ll_usb.c.obj
LOAD CMakeFiles/FlashRainbow.elf.dir/Libs/longhorn-lib-2025/dfu.c.obj
LOAD CMakeFiles/FlashRainbow.elf.dir/Libs/longhorn-lib-2025/led.c.obj
LOAD CMakeFiles/FlashRainbow.elf.dir/Libs/longhorn-lib-2025/night_can.c.obj
LOAD CMakeFiles/FlashRainbow.elf.dir/Libs/longhorn-lib-2025/timer.c.obj
LOAD CMakeFiles/FlashRainbow.elf.dir/Libs/longhorn-lib-2025/usb_vcp.c.obj
LOAD CMakeFiles/FlashRainbow.elf.dir/Middlewares/ST/STM32_USB_Device_Library/Class/CDC/Src/usbd_cdc.c.obj
LOAD CMakeFiles/FlashRainbow.elf.dir/Middlewares/ST/STM32_USB_Device_Library/Core/Src/usbd_core.c.obj
LOAD CMakeFiles/FlashRainbow.elf.dir/Middlewares/ST/STM32_USB_Device_Library/Core/Src/usbd_ctlreq.c.obj
LOAD CMakeFiles/FlashRainbow.elf.dir/Middlewares/ST/STM32_USB_Device_Library/Core/Src/usbd_ioreq.c.obj
LOAD CMakeFiles/FlashRainbow.elf.dir/USB_DEVICE/App/usb_device.c.obj
LOAD CMakeFiles/FlashRainbow.elf.dir/USB_DEVICE/App/usbd_cdc_if.c.obj
LOAD CMakeFiles/FlashRainbow.elf.dir/USB_DEVICE/App/usbd_desc.c.obj
LOAD CMakeFiles/FlashRainbow.elf.dir/USB_DEVICE/Target/usbd_conf.c.obj
START GROUP
LOAD C:/PROGRA~2/ARMGNU~1/133167~1.3RE/bin/../lib/gcc/arm-none-eabi/13.3.1/thumb/v7e-m/nofp\libgcc.a
LOAD C:/PROGRA~2/ARMGNU~1/133167~1.3RE/bin/../lib/gcc/arm-none-eabi/13.3.1/thumb/v7e-m/nofp\libc.a
END GROUP
LOAD C:/PROGRA~2/ARMGNU~1/133167~1.3RE/bin/../lib/gcc/arm-none-eabi/13.3.1/thumb/v7e-m/nofp/crtend.o
LOAD C:/PROGRA~2/ARMGNU~1/133167~1.3RE/bin/../lib/gcc/arm-none-eabi/13.3.1/thumb/v7e-m/nofp/crtn.o
                0x24050000                        _estack = (ORIGIN (RAM_D1) + LENGTH (RAM_D1))
                0x00000200                        _Min_Heap_Size = 0x200
                0x00000400                        _Min_Stack_Size = 0x400

.isr_vector     0x08000000      0x2cc
                0x08000000                        . = ALIGN (0x4)
 *(.isr_vector)
 .isr_vector    0x08000000      0x2cc CMakeFiles/FlashRainbow.elf.dir/Core/Startup/startup_stm32h723vgtx.s.obj
                0x08000000                g_pfnVectors
                0x080002cc                        . = ALIGN (0x4)

.text           0x08000300     0xd060
                0x08000300                        . = ALIGN (0x4)
 *(.text)
 .text          0x08000300      0x21c C:/PROGRA~2/ARMGNU~1/133167~1.3RE/bin/../lib/gcc/arm-none-eabi/13.3.1/thumb/v7e-m/nofp\libgcc.a(_arm_addsubsf3.o)
                0x08000300                __aeabi_frsub
                0x08000308                __subsf3
                0x08000308                __aeabi_fsub
                0x0800030c                __aeabi_fadd
                0x0800030c                __addsf3
                0x0800046c                __aeabi_ui2f
                0x0800046c                __floatunsisf
                0x08000474                __aeabi_i2f
                0x08000474                __floatsisf
                0x08000490                __aeabi_ul2f
                0x08000490                __floatundisf
                0x080004a0                __aeabi_l2f
                0x080004a0                __floatdisf
 .text          0x0800051c      0x2a0 C:/PROGRA~2/ARMGNU~1/133167~1.3RE/bin/../lib/gcc/arm-none-eabi/13.3.1/thumb/v7e-m/nofp\libgcc.a(_arm_muldivsf3.o)
                0x0800051c                __mulsf3
                0x0800051c                __aeabi_fmul
                0x08000684                __aeabi_fdiv
                0x08000684                __divsf3
 .text          0x080007bc       0x40 C:/PROGRA~2/ARMGNU~1/133167~1.3RE/bin/../lib/gcc/arm-none-eabi/13.3.1/thumb/v7e-m/nofp\libgcc.a(_arm_fixunssfsi.o)
                0x080007bc                __fixunssfsi
                0x080007bc                __aeabi_f2uiz
 *fill*         0x080007fc        0x4 
 .text          0x08000800      0x2e0 C:/PROGRA~2/ARMGNU~1/133167~1.3RE/bin/../lib/gcc/arm-none-eabi/13.3.1/thumb/v7e-m/nofp\libc.a(libc_a-strcmp.o)
                0x08000800                strcmp
 *fill*         0x08000ae0       0x20 
 .text          0x08000b00       0xd8 C:/PROGRA~2/ARMGNU~1/133167~1.3RE/bin/../lib/gcc/arm-none-eabi/13.3.1/thumb/v7e-m/nofp\libc.a(libc_a-strlen.o)
                0x08000b00                strlen
 *fill*         0x08000bd8        0x8 
 .text          0x08000be0       0xa0 C:/PROGRA~2/ARMGNU~1/133167~1.3RE/bin/../lib/gcc/arm-none-eabi/13.3.1/thumb/v7e-m/nofp\libc.a(libc_a-memchr.o)
                0x08000be0                memchr
 .text          0x08000c80      0x134 C:/PROGRA~2/ARMGNU~1/133167~1.3RE/bin/../lib/gcc/arm-none-eabi/13.3.1/thumb/v7e-m/nofp\libc.a(libc_a-memcpy.o)
                0x08000c80                memcpy
 .text          0x08000db4      0x378 C:/PROGRA~2/ARMGNU~1/133167~1.3RE/bin/../lib/gcc/arm-none-eabi/13.3.1/thumb/v7e-m/nofp\libgcc.a(_arm_addsubdf3.o)
                0x08000db4                __aeabi_drsub
                0x08000dbc                __aeabi_dsub
                0x08000dbc                __subdf3
                0x08000dc0                __aeabi_dadd
                0x08000dc0                __adddf3
                0x08001038                __floatunsidf
                0x08001038                __aeabi_ui2d
                0x08001058                __floatsidf
                0x08001058                __aeabi_i2d
                0x0800107c                __aeabi_f2d
                0x0800107c                __extendsfdf2
                0x080010c0                __floatundidf
                0x080010c0                __aeabi_ul2d
                0x080010d0                __floatdidf
                0x080010d0                __aeabi_l2d
 .text          0x0800112c      0x424 C:/PROGRA~2/ARMGNU~1/133167~1.3RE/bin/../lib/gcc/arm-none-eabi/13.3.1/thumb/v7e-m/nofp\libgcc.a(_arm_muldivdf3.o)
                0x0800112c                __aeabi_dmul
                0x0800112c                __muldf3
                0x08001380                __divdf3
                0x08001380                __aeabi_ddiv
 .text          0x08001550      0x110 C:/PROGRA~2/ARMGNU~1/133167~1.3RE/bin/../lib/gcc/arm-none-eabi/13.3.1/thumb/v7e-m/nofp\libgcc.a(_arm_cmpdf2.o)
                0x08001550                __gtdf2
                0x08001550                __gedf2
                0x08001558                __ltdf2
                0x08001558                __ledf2
                0x08001560                __nedf2
                0x08001560                __eqdf2
                0x08001560                __cmpdf2
                0x080015dc                __aeabi_cdrcmple
                0x080015ec                __aeabi_cdcmpeq
                0x080015ec                __aeabi_cdcmple
                0x080015fc                __aeabi_dcmpeq
                0x08001610                __aeabi_dcmplt
                0x08001624                __aeabi_dcmple
                0x08001638                __aeabi_dcmpge
                0x0800164c                __aeabi_dcmpgt
 .text          0x08001660       0x2c C:/PROGRA~2/ARMGNU~1/133167~1.3RE/bin/../lib/gcc/arm-none-eabi/13.3.1/thumb/v7e-m/nofp\libgcc.a(_arm_unorddf2.o)
                0x08001660                __unorddf2
                0x08001660                __aeabi_dcmpun
 .text          0x0800168c       0x50 C:/PROGRA~2/ARMGNU~1/133167~1.3RE/bin/../lib/gcc/arm-none-eabi/13.3.1/thumb/v7e-m/nofp\libgcc.a(_arm_fixdfsi.o)
                0x0800168c                __aeabi_d2iz
                0x0800168c                __fixdfsi
 *(.text*)
 .text.deregister_tm_clones
                0x080016dc       0x1c C:/PROGRA~2/ARMGNU~1/133167~1.3RE/bin/../lib/gcc/arm-none-eabi/13.3.1/thumb/v7e-m/nofp/crtbegin.o
 .text.register_tm_clones
                0x080016f8       0x24 C:/PROGRA~2/ARMGNU~1/133167~1.3RE/bin/../lib/gcc/arm-none-eabi/13.3.1/thumb/v7e-m/nofp/crtbegin.o
 .text.__do_global_dtors_aux
                0x0800171c       0x28 C:/PROGRA~2/ARMGNU~1/133167~1.3RE/bin/../lib/gcc/arm-none-eabi/13.3.1/thumb/v7e-m/nofp/crtbegin.o
 .text.frame_dummy
                0x08001744       0x24 C:/PROGRA~2/ARMGNU~1/133167~1.3RE/bin/../lib/gcc/arm-none-eabi/13.3.1/thumb/v7e-m/nofp/crtbegin.o
 .text.MX_GPIO_Init
                0x08001768       0xbc CMakeFiles/FlashRainbow.elf.dir/Core/Src/gpio.c.obj
                0x08001768                MX_GPIO_Init
 .text.MPU_Config
                0x08001824       0x52 CMakeFiles/FlashRainbow.elf.dir/Core/Src/main.c.obj
 .text.Error_Handler
                0x08001876        0x4 CMakeFiles/FlashRainbow.elf.dir/Core/Src/main.c.obj
                0x08001876                Error_Handler
 *fill*         0x0800187a        0x2 
 .text.SystemClock_Config
                0x0800187c       0xa8 CMakeFiles/FlashRainbow.elf.dir/Core/Src/main.c.obj
                0x0800187c                SystemClock_Config
 .text.main     0x08001924       0x74 CMakeFiles/FlashRainbow.elf.dir/Core/Src/main.c.obj
                0x08001924                main
 .text.MX_SPI3_Init
                0x08001998       0x60 CMakeFiles/FlashRainbow.elf.dir/Core/Src/spi.c.obj
                0x08001998                MX_SPI3_Init
 .text.HAL_SPI_MspInit
                0x080019f8       0xd0 CMakeFiles/FlashRainbow.elf.dir/Core/Src/spi.c.obj
                0x080019f8                HAL_SPI_MspInit
 .text.HAL_MspInit
                0x08001ac8       0x24 CMakeFiles/FlashRainbow.elf.dir/Core/Src/stm32h7xx_hal_msp.c.obj
                0x08001ac8                HAL_MspInit
 .text.NMI_Handler
                0x08001aec        0x2 CMakeFiles/FlashRainbow.elf.dir/Core/Src/stm32h7xx_it.c.obj
                0x08001aec                NMI_Handler
 .text.HardFault_Handler
                0x08001aee        0x2 CMakeFiles/FlashRainbow.elf.dir/Core/Src/stm32h7xx_it.c.obj
                0x08001aee                HardFault_Handler
 .text.MemManage_Handler
                0x08001af0        0x2 CMakeFiles/FlashRainbow.elf.dir/Core/Src/stm32h7xx_it.c.obj
                0x08001af0                MemManage_Handler
 .text.BusFault_Handler
                0x08001af2        0x2 CMakeFiles/FlashRainbow.elf.dir/Core/Src/stm32h7xx_it.c.obj
                0x08001af2                BusFault_Handler
 .text.UsageFault_Handler
                0x08001af4        0x2 CMakeFiles/FlashRainbow.elf.dir/Core/Src/stm32h7xx_it.c.obj
                0x08001af4                UsageFault_Handler
 .text.SVC_Handler
                0x08001af6        0x2 CMakeFiles/FlashRainbow.elf.dir/Core/Src/stm32h7xx_it.c.obj
                0x08001af6                SVC_Handler
 .text.DebugMon_Handler
                0x08001af8        0x2 CMakeFiles/FlashRainbow.elf.dir/Core/Src/stm32h7xx_it.c.obj
                0x08001af8                DebugMon_Handler
 .text.PendSV_Handler
                0x08001afa        0x2 CMakeFiles/FlashRainbow.elf.dir/Core/Src/stm32h7xx_it.c.obj
                0x08001afa                PendSV_Handler
 .text.SysTick_Handler
                0x08001afc        0x8 CMakeFiles/FlashRainbow.elf.dir/Core/Src/stm32h7xx_it.c.obj
                0x08001afc                SysTick_Handler
 .text.OTG_HS_IRQHandler
                0x08001b04       0x10 CMakeFiles/FlashRainbow.elf.dir/Core/Src/stm32h7xx_it.c.obj
                0x08001b04                OTG_HS_IRQHandler
 .text._getpid  0x08001b14        0x4 CMakeFiles/FlashRainbow.elf.dir/Core/Src/syscalls.c.obj
                0x08001b14                _getpid
 .text._kill    0x08001b18       0x10 CMakeFiles/FlashRainbow.elf.dir/Core/Src/syscalls.c.obj
                0x08001b18                _kill
 .text._exit    0x08001b28        0xc CMakeFiles/FlashRainbow.elf.dir/Core/Src/syscalls.c.obj
                0x08001b28                _exit
 .text._read    0x08001b34       0x20 CMakeFiles/FlashRainbow.elf.dir/Core/Src/syscalls.c.obj
                0x08001b34                _read
 .text._write   0x08001b54       0x1c CMakeFiles/FlashRainbow.elf.dir/Core/Src/syscalls.c.obj
                0x08001b54                _write
 .text._close   0x08001b70        0x6 CMakeFiles/FlashRainbow.elf.dir/Core/Src/syscalls.c.obj
                0x08001b70                _close
 .text._fstat   0x08001b76        0xa CMakeFiles/FlashRainbow.elf.dir/Core/Src/syscalls.c.obj
                0x08001b76                _fstat
 .text._isatty  0x08001b80        0x4 CMakeFiles/FlashRainbow.elf.dir/Core/Src/syscalls.c.obj
                0x08001b80                _isatty
 .text._lseek   0x08001b84        0x4 CMakeFiles/FlashRainbow.elf.dir/Core/Src/syscalls.c.obj
                0x08001b84                _lseek
 .text._sbrk    0x08001b88       0x48 CMakeFiles/FlashRainbow.elf.dir/Core/Src/sysmem.c.obj
                0x08001b88                _sbrk
 .text.SystemInit
                0x08001bd0       0xbc CMakeFiles/FlashRainbow.elf.dir/Core/Src/system_stm32h7xx.c.obj
                0x08001bd0                SystemInit
 .text.ExitRun0Mode
                0x08001c8c       0x1c CMakeFiles/FlashRainbow.elf.dir/Core/Src/system_stm32h7xx.c.obj
                0x08001c8c                ExitRun0Mode
 .text.HAL_TIM_PWM_MspInit
                0x08001ca8       0x30 CMakeFiles/FlashRainbow.elf.dir/Core/Src/tim.c.obj
                0x08001ca8                HAL_TIM_PWM_MspInit
 .text.HAL_TIM_MspPostInit
                0x08001cd8       0x58 CMakeFiles/FlashRainbow.elf.dir/Core/Src/tim.c.obj
                0x08001cd8                HAL_TIM_MspPostInit
 .text.MX_TIM2_Init
                0x08001d30       0xa8 CMakeFiles/FlashRainbow.elf.dir/Core/Src/tim.c.obj
                0x08001d30                MX_TIM2_Init
 .text.Reset_Handler
                0x08001dd8       0x54 CMakeFiles/FlashRainbow.elf.dir/Core/Startup/startup_stm32h723vgtx.s.obj
                0x08001dd8                Reset_Handler
 .text.Default_Handler
                0x08001e2c        0x2 CMakeFiles/FlashRainbow.elf.dir/Core/Startup/startup_stm32h723vgtx.s.obj
                0x08001e2c                RTC_Alarm_IRQHandler
                0x08001e2c                EXTI2_IRQHandler
                0x08001e2c                TIM8_CC_IRQHandler
                0x08001e2c                UART8_IRQHandler
                0x08001e2c                SPI4_IRQHandler
                0x08001e2c                FDCAN3_IT0_IRQHandler
                0x08001e2c                TIM1_CC_IRQHandler
                0x08001e2c                BDMA_Channel6_IRQHandler
                0x08001e2c                DMA2_Stream5_IRQHandler
                0x08001e2c                DMA1_Stream5_IRQHandler
                0x08001e2c                CORDIC_IRQHandler
                0x08001e2c                BDMA_Channel1_IRQHandler
                0x08001e2c                TAMP_STAMP_IRQHandler
                0x08001e2c                EXTI3_IRQHandler
                0x08001e2c                LPTIM4_IRQHandler
                0x08001e2c                TIM8_TRG_COM_TIM14_IRQHandler
                0x08001e2c                LPTIM2_IRQHandler
                0x08001e2c                DFSDM1_FLT1_IRQHandler
                0x08001e2c                DMAMUX2_OVR_IRQHandler
                0x08001e2c                TIM8_UP_TIM13_IRQHandler
                0x08001e2c                I2C3_ER_IRQHandler
                0x08001e2c                DFSDM1_FLT2_IRQHandler
                0x08001e2c                I2C5_EV_IRQHandler
                0x08001e2c                USART10_IRQHandler
                0x08001e2c                MDMA_IRQHandler
                0x08001e2c                LPTIM3_IRQHandler
                0x08001e2c                HSEM1_IRQHandler
                0x08001e2c                EXTI0_IRQHandler
                0x08001e2c                I2C2_EV_IRQHandler
                0x08001e2c                DMA1_Stream2_IRQHandler
                0x08001e2c                FPU_IRQHandler
                0x08001e2c                OTG_HS_WKUP_IRQHandler
                0x08001e2c                FDCAN1_IT1_IRQHandler
                0x08001e2c                LTDC_ER_IRQHandler
                0x08001e2c                DMA2_Stream2_IRQHandler
                0x08001e2c                SPI1_IRQHandler
                0x08001e2c                OCTOSPI1_IRQHandler
                0x08001e2c                TIM6_DAC_IRQHandler
                0x08001e2c                DMA2_Stream3_IRQHandler
                0x08001e2c                OCTOSPI2_IRQHandler
                0x08001e2c                DFSDM1_FLT3_IRQHandler
                0x08001e2c                TIM23_IRQHandler
                0x08001e2c                USART6_IRQHandler
                0x08001e2c                TIM17_IRQHandler
                0x08001e2c                USART3_IRQHandler
                0x08001e2c                BDMA_Channel7_IRQHandler
                0x08001e2c                LPTIM5_IRQHandler
                0x08001e2c                UART5_IRQHandler
                0x08001e2c                ADC3_IRQHandler
                0x08001e2c                DMA2_Stream0_IRQHandler
                0x08001e2c                TIM4_IRQHandler
                0x08001e2c                BDMA_Channel2_IRQHandler
                0x08001e2c                I2C1_EV_IRQHandler
                0x08001e2c                DMA1_Stream6_IRQHandler
                0x08001e2c                DMAMUX1_OVR_IRQHandler
                0x08001e2c                DMA1_Stream1_IRQHandler
                0x08001e2c                TIM16_IRQHandler
                0x08001e2c                UART4_IRQHandler
                0x08001e2c                BDMA_Channel5_IRQHandler
                0x08001e2c                TIM3_IRQHandler
                0x08001e2c                RCC_IRQHandler
                0x08001e2c                UART9_IRQHandler
                0x08001e2c                TIM8_BRK_TIM12_IRQHandler
                0x08001e2c                TIM1_TRG_COM_IRQHandler
                0x08001e2c                Default_Handler
                0x08001e2c                ECC_IRQHandler
                0x08001e2c                FMAC_IRQHandler
                0x08001e2c                CEC_IRQHandler
                0x08001e2c                EXTI15_10_IRQHandler
                0x08001e2c                BDMA_Channel0_IRQHandler
                0x08001e2c                ADC_IRQHandler
                0x08001e2c                I2C5_ER_IRQHandler
                0x08001e2c                DMA1_Stream7_IRQHandler
                0x08001e2c                SPI5_IRQHandler
                0x08001e2c                TIM7_IRQHandler
                0x08001e2c                FDCAN3_IT1_IRQHandler
                0x08001e2c                SDMMC1_IRQHandler
                0x08001e2c                TIM5_IRQHandler
                0x08001e2c                DMA2_Stream7_IRQHandler
                0x08001e2c                TIM15_IRQHandler
                0x08001e2c                PVD_AVD_IRQHandler
                0x08001e2c                I2C3_EV_IRQHandler
                0x08001e2c                EXTI9_5_IRQHandler
                0x08001e2c                RTC_WKUP_IRQHandler
                0x08001e2c                LTDC_IRQHandler
                0x08001e2c                ETH_WKUP_IRQHandler
                0x08001e2c                SPDIF_RX_IRQHandler
                0x08001e2c                SPI2_IRQHandler
                0x08001e2c                OTG_HS_EP1_IN_IRQHandler
                0x08001e2c                DMA1_Stream0_IRQHandler
                0x08001e2c                TIM24_IRQHandler
                0x08001e2c                CRS_IRQHandler
                0x08001e2c                EXTI4_IRQHandler
                0x08001e2c                RNG_IRQHandler
                0x08001e2c                FDCAN2_IT1_IRQHandler
                0x08001e2c                ETH_IRQHandler
                0x08001e2c                TIM1_UP_IRQHandler
                0x08001e2c                BDMA_Channel4_IRQHandler
                0x08001e2c                OTG_HS_EP1_OUT_IRQHandler
                0x08001e2c                WWDG_IRQHandler
                0x08001e2c                SPI6_IRQHandler
                0x08001e2c                MDIOS_IRQHandler
                0x08001e2c                I2C4_EV_IRQHandler
                0x08001e2c                FDCAN2_IT0_IRQHandler
                0x08001e2c                LPUART1_IRQHandler
                0x08001e2c                FDCAN1_IT0_IRQHandler
                0x08001e2c                TIM2_IRQHandler
                0x08001e2c                DMA2D_IRQHandler
                0x08001e2c                TIM1_BRK_IRQHandler
                0x08001e2c                EXTI1_IRQHandler
                0x08001e2c                SDMMC2_IRQHandler
                0x08001e2c                BDMA_Channel3_IRQHandler
                0x08001e2c                DTS_IRQHandler
                0x08001e2c                UART7_IRQHandler
                0x08001e2c                MDIOS_WKUP_IRQHandler
                0x08001e2c                USART2_IRQHandler
                0x08001e2c                DFSDM1_FLT0_IRQHandler
                0x08001e2c                SAI4_IRQHandler
                0x08001e2c                I2C2_ER_IRQHandler
                0x08001e2c                DMA2_Stream1_IRQHandler
                0x08001e2c                FLASH_IRQHandler
                0x08001e2c                DMA2_Stream4_IRQHandler
                0x08001e2c                USART1_IRQHandler
                0x08001e2c                SPI3_IRQHandler
                0x08001e2c                WAKEUP_PIN_IRQHandler
                0x08001e2c                DMA1_Stream4_IRQHandler
                0x08001e2c                I2C1_ER_IRQHandler
                0x08001e2c                FMC_IRQHandler
                0x08001e2c                FDCAN_CAL_IRQHandler
                0x08001e2c                SWPMI1_IRQHandler
                0x08001e2c                COMP1_IRQHandler
                0x08001e2c                LPTIM1_IRQHandler
                0x08001e2c                DCMI_PSSI_IRQHandler
                0x08001e2c                I2C4_ER_IRQHandler
                0x08001e2c                DMA2_Stream6_IRQHandler
                0x08001e2c                SAI1_IRQHandler
                0x08001e2c                DMA1_Stream3_IRQHandler
 *fill*         0x08001e2e        0x2 
 .text.HAL_InitTick
                0x08001e30       0x50 CMakeFiles/FlashRainbow.elf.dir/Drivers/STM32H7xx_HAL_Driver/Src/stm32h7xx_hal.c.obj
                0x08001e30                HAL_InitTick
 .text.HAL_Init
                0x08001e80       0x5c CMakeFiles/FlashRainbow.elf.dir/Drivers/STM32H7xx_HAL_Driver/Src/stm32h7xx_hal.c.obj
                0x08001e80                HAL_Init
 .text.HAL_IncTick
                0x08001edc       0x18 CMakeFiles/FlashRainbow.elf.dir/Drivers/STM32H7xx_HAL_Driver/Src/stm32h7xx_hal.c.obj
                0x08001edc                HAL_IncTick
 .text.HAL_GetTick
                0x08001ef4        0xc CMakeFiles/FlashRainbow.elf.dir/Drivers/STM32H7xx_HAL_Driver/Src/stm32h7xx_hal.c.obj
                0x08001ef4                HAL_GetTick
 .text.HAL_Delay
                0x08001f00       0x28 CMakeFiles/FlashRainbow.elf.dir/Drivers/STM32H7xx_HAL_Driver/Src/stm32h7xx_hal.c.obj
                0x08001f00                HAL_Delay
 .text.__NVIC_EnableIRQ
                0x08001f28       0x1c CMakeFiles/FlashRainbow.elf.dir/Drivers/STM32H7xx_HAL_Driver/Src/stm32h7xx_hal_cortex.c.obj
 .text.__NVIC_SetPriority
                0x08001f44       0x24 CMakeFiles/FlashRainbow.elf.dir/Drivers/STM32H7xx_HAL_Driver/Src/stm32h7xx_hal_cortex.c.obj
 .text.NVIC_EncodePriority
                0x08001f68       0x3e CMakeFiles/FlashRainbow.elf.dir/Drivers/STM32H7xx_HAL_Driver/Src/stm32h7xx_hal_cortex.c.obj
 *fill*         0x08001fa6        0x2 
 .text.__NVIC_SystemReset
                0x08001fa8       0x24 CMakeFiles/FlashRainbow.elf.dir/Drivers/STM32H7xx_HAL_Driver/Src/stm32h7xx_hal_cortex.c.obj
 .text.HAL_NVIC_SetPriorityGrouping
                0x08001fcc       0x24 CMakeFiles/FlashRainbow.elf.dir/Drivers/STM32H7xx_HAL_Driver/Src/stm32h7xx_hal_cortex.c.obj
                0x08001fcc                HAL_NVIC_SetPriorityGrouping
 .text.HAL_NVIC_SetPriority
                0x08001ff0       0x20 CMakeFiles/FlashRainbow.elf.dir/Drivers/STM32H7xx_HAL_Driver/Src/stm32h7xx_hal_cortex.c.obj
                0x08001ff0                HAL_NVIC_SetPriority
 .text.HAL_NVIC_EnableIRQ
                0x08002010        0x8 CMakeFiles/FlashRainbow.elf.dir/Drivers/STM32H7xx_HAL_Driver/Src/stm32h7xx_hal_cortex.c.obj
                0x08002010                HAL_NVIC_EnableIRQ
 .text.HAL_NVIC_SystemReset
                0x08002018        0x6 CMakeFiles/FlashRainbow.elf.dir/Drivers/STM32H7xx_HAL_Driver/Src/stm32h7xx_hal_cortex.c.obj
                0x08002018                HAL_NVIC_SystemReset
 *fill*         0x0800201e        0x2 
 .text.HAL_SYSTICK_Config
                0x08002020       0x28 CMakeFiles/FlashRainbow.elf.dir/Drivers/STM32H7xx_HAL_Driver/Src/stm32h7xx_hal_cortex.c.obj
                0x08002020                HAL_SYSTICK_Config
 .text.HAL_MPU_Disable
                0x08002048       0x1c CMakeFiles/FlashRainbow.elf.dir/Drivers/STM32H7xx_HAL_Driver/Src/stm32h7xx_hal_cortex.c.obj
                0x08002048                HAL_MPU_Disable
 .text.HAL_MPU_Enable
                0x08002064       0x20 CMakeFiles/FlashRainbow.elf.dir/Drivers/STM32H7xx_HAL_Driver/Src/stm32h7xx_hal_cortex.c.obj
                0x08002064                HAL_MPU_Enable
 .text.HAL_MPU_ConfigRegion
                0x08002084       0x58 CMakeFiles/FlashRainbow.elf.dir/Drivers/STM32H7xx_HAL_Driver/Src/stm32h7xx_hal_cortex.c.obj
                0x08002084                HAL_MPU_ConfigRegion
 .text.HAL_GPIO_Init
                0x080020dc      0x21c CMakeFiles/FlashRainbow.elf.dir/Drivers/STM32H7xx_HAL_Driver/Src/stm32h7xx_hal_gpio.c.obj
                0x080020dc                HAL_GPIO_Init
 .text.HAL_GPIO_WritePin
                0x080022f8        0xc CMakeFiles/FlashRainbow.elf.dir/Drivers/STM32H7xx_HAL_Driver/Src/stm32h7xx_hal_gpio.c.obj
                0x080022f8                HAL_GPIO_WritePin
 .text.HAL_GPIO_TogglePin
                0x08002304       0x12 CMakeFiles/FlashRainbow.elf.dir/Drivers/STM32H7xx_HAL_Driver/Src/stm32h7xx_hal_gpio.c.obj
                0x08002304                HAL_GPIO_TogglePin
 .text.PCD_WriteEmptyTxFifo
                0x08002316       0xd0 CMakeFiles/FlashRainbow.elf.dir/Drivers/STM32H7xx_HAL_Driver/Src/stm32h7xx_hal_pcd.c.obj
 .text.HAL_PCD_Init
                0x080023e6      0x102 CMakeFiles/FlashRainbow.elf.dir/Drivers/STM32H7xx_HAL_Driver/Src/stm32h7xx_hal_pcd.c.obj
                0x080023e6                HAL_PCD_Init
 .text.HAL_PCD_Start
                0x080024e8       0x44 CMakeFiles/FlashRainbow.elf.dir/Drivers/STM32H7xx_HAL_Driver/Src/stm32h7xx_hal_pcd.c.obj
                0x080024e8                HAL_PCD_Start
 .text.PCD_EP_OutXfrComplete_int
                0x0800252c      0x104 CMakeFiles/FlashRainbow.elf.dir/Drivers/STM32H7xx_HAL_Driver/Src/stm32h7xx_hal_pcd.c.obj
 .text.PCD_EP_OutSetupPacket_int
                0x08002630       0x50 CMakeFiles/FlashRainbow.elf.dir/Drivers/STM32H7xx_HAL_Driver/Src/stm32h7xx_hal_pcd.c.obj
 .text.HAL_PCD_SetAddress
                0x08002680       0x26 CMakeFiles/FlashRainbow.elf.dir/Drivers/STM32H7xx_HAL_Driver/Src/stm32h7xx_hal_pcd.c.obj
                0x08002680                HAL_PCD_SetAddress
 .text.HAL_PCD_EP_Open
                0x080026a6       0x8c CMakeFiles/FlashRainbow.elf.dir/Drivers/STM32H7xx_HAL_Driver/Src/stm32h7xx_hal_pcd.c.obj
                0x080026a6                HAL_PCD_EP_Open
 .text.HAL_PCD_EP_Close
                0x08002732       0x70 CMakeFiles/FlashRainbow.elf.dir/Drivers/STM32H7xx_HAL_Driver/Src/stm32h7xx_hal_pcd.c.obj
                0x08002732                HAL_PCD_EP_Close
 .text.HAL_PCD_EP_Receive
                0x080027a2       0x4a CMakeFiles/FlashRainbow.elf.dir/Drivers/STM32H7xx_HAL_Driver/Src/stm32h7xx_hal_pcd.c.obj
                0x080027a2                HAL_PCD_EP_Receive
 .text.HAL_PCD_EP_GetRxCount
                0x080027ec       0x12 CMakeFiles/FlashRainbow.elf.dir/Drivers/STM32H7xx_HAL_Driver/Src/stm32h7xx_hal_pcd.c.obj
                0x080027ec                HAL_PCD_EP_GetRxCount
 .text.HAL_PCD_EP_Transmit
                0x080027fe       0x4a CMakeFiles/FlashRainbow.elf.dir/Drivers/STM32H7xx_HAL_Driver/Src/stm32h7xx_hal_pcd.c.obj
                0x080027fe                HAL_PCD_EP_Transmit
 .text.HAL_PCD_EP_SetStall
                0x08002848       0x86 CMakeFiles/FlashRainbow.elf.dir/Drivers/STM32H7xx_HAL_Driver/Src/stm32h7xx_hal_pcd.c.obj
                0x08002848                HAL_PCD_EP_SetStall
 .text.HAL_PCD_EP_ClrStall
                0x080028ce       0x74 CMakeFiles/FlashRainbow.elf.dir/Drivers/STM32H7xx_HAL_Driver/Src/stm32h7xx_hal_pcd.c.obj
                0x080028ce                HAL_PCD_EP_ClrStall
 .text.HAL_PCD_EP_Abort
                0x08002942       0x34 CMakeFiles/FlashRainbow.elf.dir/Drivers/STM32H7xx_HAL_Driver/Src/stm32h7xx_hal_pcd.c.obj
                0x08002942                HAL_PCD_EP_Abort
 .text.HAL_PCD_IRQHandler
                0x08002976      0x600 CMakeFiles/FlashRainbow.elf.dir/Drivers/STM32H7xx_HAL_Driver/Src/stm32h7xx_hal_pcd.c.obj
                0x08002976                HAL_PCD_IRQHandler
 .text.HAL_PCDEx_SetTxFiFo
                0x08002f76       0x4a CMakeFiles/FlashRainbow.elf.dir/Drivers/STM32H7xx_HAL_Driver/Src/stm32h7xx_hal_pcd_ex.c.obj
                0x08002f76                HAL_PCDEx_SetTxFiFo
 .text.HAL_PCDEx_SetRxFiFo
                0x08002fc0        0x8 CMakeFiles/FlashRainbow.elf.dir/Drivers/STM32H7xx_HAL_Driver/Src/stm32h7xx_hal_pcd_ex.c.obj
                0x08002fc0                HAL_PCDEx_SetRxFiFo
 .text.HAL_PCDEx_ActivateLPM
                0x08002fc8       0x28 CMakeFiles/FlashRainbow.elf.dir/Drivers/STM32H7xx_HAL_Driver/Src/stm32h7xx_hal_pcd_ex.c.obj
                0x08002fc8                HAL_PCDEx_ActivateLPM
 .text.HAL_PCDEx_LPM_Callback
                0x08002ff0        0x2 CMakeFiles/FlashRainbow.elf.dir/Drivers/STM32H7xx_HAL_Driver/Src/stm32h7xx_hal_pcd_ex.c.obj
                0x08002ff0                HAL_PCDEx_LPM_Callback
 *fill*         0x08002ff2        0x2 
 .text.HAL_PWREx_ConfigSupply
                0x08002ff4       0x54 CMakeFiles/FlashRainbow.elf.dir/Drivers/STM32H7xx_HAL_Driver/Src/stm32h7xx_hal_pwr_ex.c.obj
                0x08002ff4                HAL_PWREx_ConfigSupply
 .text.HAL_PWREx_EnableUSBVoltageDetector
                0x08003048       0x10 CMakeFiles/FlashRainbow.elf.dir/Drivers/STM32H7xx_HAL_Driver/Src/stm32h7xx_hal_pwr_ex.c.obj
                0x08003048                HAL_PWREx_EnableUSBVoltageDetector
 .text.HAL_RCC_OscConfig
                0x08003058      0x5e4 CMakeFiles/FlashRainbow.elf.dir/Drivers/STM32H7xx_HAL_Driver/Src/stm32h7xx_hal_rcc.c.obj
                0x08003058                HAL_RCC_OscConfig
 .text.HAL_RCC_GetSysClockFreq
                0x0800363c      0x224 CMakeFiles/FlashRainbow.elf.dir/Drivers/STM32H7xx_HAL_Driver/Src/stm32h7xx_hal_rcc.c.obj
                0x0800363c                HAL_RCC_GetSysClockFreq
 .text.HAL_RCC_ClockConfig
                0x08003860      0x294 CMakeFiles/FlashRainbow.elf.dir/Drivers/STM32H7xx_HAL_Driver/Src/stm32h7xx_hal_rcc.c.obj
                0x08003860                HAL_RCC_ClockConfig
 .text.HAL_RCC_GetHCLKFreq
                0x08003af4       0x44 CMakeFiles/FlashRainbow.elf.dir/Drivers/STM32H7xx_HAL_Driver/Src/stm32h7xx_hal_rcc.c.obj
                0x08003af4                HAL_RCC_GetHCLKFreq
 .text.RCCEx_PLL2_Config
                0x08003b38      0x108 CMakeFiles/FlashRainbow.elf.dir/Drivers/STM32H7xx_HAL_Driver/Src/stm32h7xx_hal_rcc_ex.c.obj
 .text.RCCEx_PLL3_Config
                0x08003c40      0x108 CMakeFiles/FlashRainbow.elf.dir/Drivers/STM32H7xx_HAL_Driver/Src/stm32h7xx_hal_rcc_ex.c.obj
 .text.HAL_RCCEx_PeriphCLKConfig
                0x08003d48      0xa2c CMakeFiles/FlashRainbow.elf.dir/Drivers/STM32H7xx_HAL_Driver/Src/stm32h7xx_hal_rcc_ex.c.obj
                0x08003d48                HAL_RCCEx_PeriphCLKConfig
 .text.SPI_GetPacketSize
                0x08004774       0x10 CMakeFiles/FlashRainbow.elf.dir/Drivers/STM32H7xx_HAL_Driver/Src/stm32h7xx_hal_spi.c.obj
 .text.HAL_SPI_Init
                0x08004784      0x190 CMakeFiles/FlashRainbow.elf.dir/Drivers/STM32H7xx_HAL_Driver/Src/stm32h7xx_hal_spi.c.obj
                0x08004784                HAL_SPI_Init
 .text.TIM_OC1_SetConfig
                0x08004914       0xa4 CMakeFiles/FlashRainbow.elf.dir/Drivers/STM32H7xx_HAL_Driver/Src/stm32h7xx_hal_tim.c.obj
 .text.TIM_OC3_SetConfig
                0x080049b8       0x94 CMakeFiles/FlashRainbow.elf.dir/Drivers/STM32H7xx_HAL_Driver/Src/stm32h7xx_hal_tim.c.obj
 .text.TIM_OC4_SetConfig
                0x08004a4c       0x74 CMakeFiles/FlashRainbow.elf.dir/Drivers/STM32H7xx_HAL_Driver/Src/stm32h7xx_hal_tim.c.obj
 .text.TIM_OC5_SetConfig
                0x08004ac0       0x74 CMakeFiles/FlashRainbow.elf.dir/Drivers/STM32H7xx_HAL_Driver/Src/stm32h7xx_hal_tim.c.obj
 .text.TIM_OC6_SetConfig
                0x08004b34       0x74 CMakeFiles/FlashRainbow.elf.dir/Drivers/STM32H7xx_HAL_Driver/Src/stm32h7xx_hal_tim.c.obj
 .text.TIM_Base_SetConfig
                0x08004ba8      0x120 CMakeFiles/FlashRainbow.elf.dir/Drivers/STM32H7xx_HAL_Driver/Src/stm32h7xx_hal_tim.c.obj
                0x08004ba8                TIM_Base_SetConfig
 .text.HAL_TIM_PWM_Init
                0x08004cc8       0x60 CMakeFiles/FlashRainbow.elf.dir/Drivers/STM32H7xx_HAL_Driver/Src/stm32h7xx_hal_tim.c.obj
                0x08004cc8                HAL_TIM_PWM_Init
 .text.TIM_OC2_SetConfig
                0x08004d28       0x94 CMakeFiles/FlashRainbow.elf.dir/Drivers/STM32H7xx_HAL_Driver/Src/stm32h7xx_hal_tim.c.obj
                0x08004d28                TIM_OC2_SetConfig
 .text.HAL_TIM_PWM_ConfigChannel
                0x08004dbc      0x13a CMakeFiles/FlashRainbow.elf.dir/Drivers/STM32H7xx_HAL_Driver/Src/stm32h7xx_hal_tim.c.obj
                0x08004dbc                HAL_TIM_PWM_ConfigChannel
 *fill*         0x08004ef6        0x2 
 .text.HAL_TIMEx_MasterConfigSynchronization
                0x08004ef8       0xb0 CMakeFiles/FlashRainbow.elf.dir/Drivers/STM32H7xx_HAL_Driver/Src/stm32h7xx_hal_tim_ex.c.obj
                0x08004ef8                HAL_TIMEx_MasterConfigSynchronization
 .text.USB_CoreReset
                0x08004fa8       0x4a CMakeFiles/FlashRainbow.elf.dir/Drivers/STM32H7xx_HAL_Driver/Src/stm32h7xx_ll_usb.c.obj
 *fill*         0x08004ff2        0x2 
 .text.USB_CoreInit
                0x08004ff4       0xa4 CMakeFiles/FlashRainbow.elf.dir/Drivers/STM32H7xx_HAL_Driver/Src/stm32h7xx_ll_usb.c.obj
                0x08004ff4                USB_CoreInit
 .text.USB_SetTurnaroundTime
                0x08005098       0xe4 CMakeFiles/FlashRainbow.elf.dir/Drivers/STM32H7xx_HAL_Driver/Src/stm32h7xx_ll_usb.c.obj
                0x08005098                USB_SetTurnaroundTime
 .text.USB_EnableGlobalInt
                0x0800517c        0xc CMakeFiles/FlashRainbow.elf.dir/Drivers/STM32H7xx_HAL_Driver/Src/stm32h7xx_ll_usb.c.obj
                0x0800517c                USB_EnableGlobalInt
 .text.USB_DisableGlobalInt
                0x08005188        0xc CMakeFiles/FlashRainbow.elf.dir/Drivers/STM32H7xx_HAL_Driver/Src/stm32h7xx_ll_usb.c.obj
                0x08005188                USB_DisableGlobalInt
 .text.USB_FlushTxFifo
                0x08005194       0x4a CMakeFiles/FlashRainbow.elf.dir/Drivers/STM32H7xx_HAL_Driver/Src/stm32h7xx_ll_usb.c.obj
                0x08005194                USB_FlushTxFifo
 .text.USB_FlushRxFifo
                0x080051de       0x46 CMakeFiles/FlashRainbow.elf.dir/Drivers/STM32H7xx_HAL_Driver/Src/stm32h7xx_ll_usb.c.obj
                0x080051de                USB_FlushRxFifo
 .text.USB_SetDevSpeed
                0x08005224        0xe CMakeFiles/FlashRainbow.elf.dir/Drivers/STM32H7xx_HAL_Driver/Src/stm32h7xx_ll_usb.c.obj
                0x08005224                USB_SetDevSpeed
 *fill*         0x08005232        0x2 
 .text.USB_DevInit
                0x08005234      0x18c CMakeFiles/FlashRainbow.elf.dir/Drivers/STM32H7xx_HAL_Driver/Src/stm32h7xx_ll_usb.c.obj
                0x08005234                USB_DevInit
 .text.USB_GetDevSpeed
                0x080053c0       0x22 CMakeFiles/FlashRainbow.elf.dir/Drivers/STM32H7xx_HAL_Driver/Src/stm32h7xx_ll_usb.c.obj
                0x080053c0                USB_GetDevSpeed
 *fill*         0x080053e2        0x2 
 .text.USB_ActivateEndpoint
                0x080053e4       0x98 CMakeFiles/FlashRainbow.elf.dir/Drivers/STM32H7xx_HAL_Driver/Src/stm32h7xx_ll_usb.c.obj
                0x080053e4                USB_ActivateEndpoint
 .text.USB_DeactivateEndpoint
                0x0800547c       0xe0 CMakeFiles/FlashRainbow.elf.dir/Drivers/STM32H7xx_HAL_Driver/Src/stm32h7xx_ll_usb.c.obj
                0x0800547c                USB_DeactivateEndpoint
 .text.USB_EPStopXfer
                0x0800555c       0xbc CMakeFiles/FlashRainbow.elf.dir/Drivers/STM32H7xx_HAL_Driver/Src/stm32h7xx_ll_usb.c.obj
                0x0800555c                USB_EPStopXfer
 .text.USB_WritePacket
                0x08005618       0x2e CMakeFiles/FlashRainbow.elf.dir/Drivers/STM32H7xx_HAL_Driver/Src/stm32h7xx_ll_usb.c.obj
                0x08005618                USB_WritePacket
 *fill*         0x08005646        0x2 
 .text.USB_EPStartXfer
                0x08005648      0x244 CMakeFiles/FlashRainbow.elf.dir/Drivers/STM32H7xx_HAL_Driver/Src/stm32h7xx_ll_usb.c.obj
                0x08005648                USB_EPStartXfer
 .text.USB_ReadPacket
                0x0800588c       0x46 CMakeFiles/FlashRainbow.elf.dir/Drivers/STM32H7xx_HAL_Driver/Src/stm32h7xx_ll_usb.c.obj
                0x0800588c                USB_ReadPacket
 .text.USB_EPSetStall
                0x080058d2       0x5a CMakeFiles/FlashRainbow.elf.dir/Drivers/STM32H7xx_HAL_Driver/Src/stm32h7xx_ll_usb.c.obj
                0x080058d2                USB_EPSetStall
 .text.USB_EPClearStall
                0x0800592c       0x5c CMakeFiles/FlashRainbow.elf.dir/Drivers/STM32H7xx_HAL_Driver/Src/stm32h7xx_ll_usb.c.obj
                0x0800592c                USB_EPClearStall
 .text.USB_SetDevAddress
                0x08005988       0x20 CMakeFiles/FlashRainbow.elf.dir/Drivers/STM32H7xx_HAL_Driver/Src/stm32h7xx_ll_usb.c.obj
                0x08005988                USB_SetDevAddress
 .text.USB_DevConnect
                0x080059a8       0x1c CMakeFiles/FlashRainbow.elf.dir/Drivers/STM32H7xx_HAL_Driver/Src/stm32h7xx_ll_usb.c.obj
                0x080059a8                USB_DevConnect
 .text.USB_DevDisconnect
                0x080059c4       0x1c CMakeFiles/FlashRainbow.elf.dir/Drivers/STM32H7xx_HAL_Driver/Src/stm32h7xx_ll_usb.c.obj
                0x080059c4                USB_DevDisconnect
 .text.USB_ReadInterrupts
                0x080059e0        0x8 CMakeFiles/FlashRainbow.elf.dir/Drivers/STM32H7xx_HAL_Driver/Src/stm32h7xx_ll_usb.c.obj
                0x080059e0                USB_ReadInterrupts
 .text.USB_ReadDevAllOutEpInterrupt
                0x080059e8       0x10 CMakeFiles/FlashRainbow.elf.dir/Drivers/STM32H7xx_HAL_Driver/Src/stm32h7xx_ll_usb.c.obj
                0x080059e8                USB_ReadDevAllOutEpInterrupt
 .text.USB_ReadDevAllInEpInterrupt
                0x080059f8       0x10 CMakeFiles/FlashRainbow.elf.dir/Drivers/STM32H7xx_HAL_Driver/Src/stm32h7xx_ll_usb.c.obj
                0x080059f8                USB_ReadDevAllInEpInterrupt
 .text.USB_ReadDevOutEPInterrupt
                0x08005a08       0x12 CMakeFiles/FlashRainbow.elf.dir/Drivers/STM32H7xx_HAL_Driver/Src/stm32h7xx_ll_usb.c.obj
                0x08005a08                USB_ReadDevOutEPInterrupt
 .text.USB_ReadDevInEPInterrupt
                0x08005a1a       0x24 CMakeFiles/FlashRainbow.elf.dir/Drivers/STM32H7xx_HAL_Driver/Src/stm32h7xx_ll_usb.c.obj
                0x08005a1a                USB_ReadDevInEPInterrupt
 .text.USB_GetMode
                0x08005a3e        0x8 CMakeFiles/FlashRainbow.elf.dir/Drivers/STM32H7xx_HAL_Driver/Src/stm32h7xx_ll_usb.c.obj
                0x08005a3e                USB_GetMode
 .text.USB_SetCurrentMode
                0x08005a46       0x62 CMakeFiles/FlashRainbow.elf.dir/Drivers/STM32H7xx_HAL_Driver/Src/stm32h7xx_ll_usb.c.obj
                0x08005a46                USB_SetCurrentMode
 .text.USB_ActivateSetup
                0x08005aa8       0x1c CMakeFiles/FlashRainbow.elf.dir/Drivers/STM32H7xx_HAL_Driver/Src/stm32h7xx_ll_usb.c.obj
                0x08005aa8                USB_ActivateSetup
 .text.USB_EP0_OutStart
                0x08005ac4       0x5c CMakeFiles/FlashRainbow.elf.dir/Drivers/STM32H7xx_HAL_Driver/Src/stm32h7xx_ll_usb.c.obj
                0x08005ac4                USB_EP0_OutStart
 .text.dfu_init
                0x08005b20       0x14 CMakeFiles/FlashRainbow.elf.dir/Libs/longhorn-lib-2025/dfu.c.obj
                0x08005b20                dfu_init
 .text.boot_to_dfu
                0x08005b34       0x30 CMakeFiles/FlashRainbow.elf.dir/Libs/longhorn-lib-2025/dfu.c.obj
                0x08005b34                boot_to_dfu
 .text.println  0x08005b64       0x3e CMakeFiles/FlashRainbow.elf.dir/Libs/longhorn-lib-2025/usb_vcp.c.obj
                0x08005b64                println
 *fill*         0x08005ba2        0x2 
 .text.usb_printf
                0x08005ba4       0x30 CMakeFiles/FlashRainbow.elf.dir/Libs/longhorn-lib-2025/usb_vcp.c.obj
                0x08005ba4                usb_printf
 .text.receiveData
                0x08005bd4       0xc8 CMakeFiles/FlashRainbow.elf.dir/Libs/longhorn-lib-2025/usb_vcp.c.obj
                0x08005bd4                receiveData
 .text.receive_periodic
                0x08005c9c       0x30 CMakeFiles/FlashRainbow.elf.dir/Libs/longhorn-lib-2025/usb_vcp.c.obj
                0x08005c9c                receive_periodic
 .text.USBD_CDC_EP0_RxReady
                0x08005ccc       0x40 CMakeFiles/FlashRainbow.elf.dir/Middlewares/ST/STM32_USB_Device_Library/Class/CDC/Src/usbd_cdc.c.obj
 .text.USBD_CDC_GetDeviceQualifierDescriptor
                0x08005d0c        0xc CMakeFiles/FlashRainbow.elf.dir/Middlewares/ST/STM32_USB_Device_Library/Class/CDC/Src/usbd_cdc.c.obj
                0x08005d0c                USBD_CDC_GetDeviceQualifierDescriptor
 .text.USBD_CDC_GetOtherSpeedCfgDesc
                0x08005d18       0x48 CMakeFiles/FlashRainbow.elf.dir/Middlewares/ST/STM32_USB_Device_Library/Class/CDC/Src/usbd_cdc.c.obj
 .text.USBD_CDC_GetFSCfgDesc
                0x08005d60       0x48 CMakeFiles/FlashRainbow.elf.dir/Middlewares/ST/STM32_USB_Device_Library/Class/CDC/Src/usbd_cdc.c.obj
 .text.USBD_CDC_GetHSCfgDesc
                0x08005da8       0x48 CMakeFiles/FlashRainbow.elf.dir/Middlewares/ST/STM32_USB_Device_Library/Class/CDC/Src/usbd_cdc.c.obj
 .text.USBD_CDC_DataOut
                0x08005df0       0x38 CMakeFiles/FlashRainbow.elf.dir/Middlewares/ST/STM32_USB_Device_Library/Class/CDC/Src/usbd_cdc.c.obj
 .text.USBD_CDC_DataIn
                0x08005e28       0x7c CMakeFiles/FlashRainbow.elf.dir/Middlewares/ST/STM32_USB_Device_Library/Class/CDC/Src/usbd_cdc.c.obj
 .text.USBD_CDC_Setup
                0x08005ea4      0x11a CMakeFiles/FlashRainbow.elf.dir/Middlewares/ST/STM32_USB_Device_Library/Class/CDC/Src/usbd_cdc.c.obj
 .text.USBD_CDC_DeInit
                0x08005fbe       0x64 CMakeFiles/FlashRainbow.elf.dir/Middlewares/ST/STM32_USB_Device_Library/Class/CDC/Src/usbd_cdc.c.obj
 .text.USBD_CDC_Init
                0x08006022       0xee CMakeFiles/FlashRainbow.elf.dir/Middlewares/ST/STM32_USB_Device_Library/Class/CDC/Src/usbd_cdc.c.obj
 .text.USBD_CDC_RegisterInterface
                0x08006110       0x16 CMakeFiles/FlashRainbow.elf.dir/Middlewares/ST/STM32_USB_Device_Library/Class/CDC/Src/usbd_cdc.c.obj
                0x08006110                USBD_CDC_RegisterInterface
 .text.USBD_CDC_SetTxBuffer
                0x08006126       0x1c CMakeFiles/FlashRainbow.elf.dir/Middlewares/ST/STM32_USB_Device_Library/Class/CDC/Src/usbd_cdc.c.obj
                0x08006126                USBD_CDC_SetTxBuffer
 .text.USBD_CDC_SetRxBuffer
                0x08006142       0x18 CMakeFiles/FlashRainbow.elf.dir/Middlewares/ST/STM32_USB_Device_Library/Class/CDC/Src/usbd_cdc.c.obj
                0x08006142                USBD_CDC_SetRxBuffer
 .text.USBD_CDC_TransmitPacket
                0x0800615a       0x36 CMakeFiles/FlashRainbow.elf.dir/Middlewares/ST/STM32_USB_Device_Library/Class/CDC/Src/usbd_cdc.c.obj
                0x0800615a                USBD_CDC_TransmitPacket
 .text.USBD_CDC_ReceivePacket
                0x08006190       0x38 CMakeFiles/FlashRainbow.elf.dir/Middlewares/ST/STM32_USB_Device_Library/Class/CDC/Src/usbd_cdc.c.obj
                0x08006190                USBD_CDC_ReceivePacket
 .text.USBD_Init
                0x080061c8       0x2e CMakeFiles/FlashRainbow.elf.dir/Middlewares/ST/STM32_USB_Device_Library/Core/Src/usbd_core.c.obj
                0x080061c8                USBD_Init
 .text.USBD_RegisterClass
                0x080061f6       0x40 CMakeFiles/FlashRainbow.elf.dir/Middlewares/ST/STM32_USB_Device_Library/Core/Src/usbd_core.c.obj
                0x080061f6                USBD_RegisterClass
 .text.USBD_Start
                0x08006236        0x8 CMakeFiles/FlashRainbow.elf.dir/Middlewares/ST/STM32_USB_Device_Library/Core/Src/usbd_core.c.obj
                0x08006236                USBD_Start
 .text.USBD_SetClassConfig
                0x0800623e       0x12 CMakeFiles/FlashRainbow.elf.dir/Middlewares/ST/STM32_USB_Device_Library/Core/Src/usbd_core.c.obj
                0x0800623e                USBD_SetClassConfig
 .text.USBD_ClrClassConfig
                0x08006250       0x12 CMakeFiles/FlashRainbow.elf.dir/Middlewares/ST/STM32_USB_Device_Library/Core/Src/usbd_core.c.obj
                0x08006250                USBD_ClrClassConfig
 .text.USBD_LL_SetupStage
                0x08006262       0x58 CMakeFiles/FlashRainbow.elf.dir/Middlewares/ST/STM32_USB_Device_Library/Core/Src/usbd_core.c.obj
                0x08006262                USBD_LL_SetupStage
 .text.USBD_LL_Reset
                0x080062ba       0x64 CMakeFiles/FlashRainbow.elf.dir/Middlewares/ST/STM32_USB_Device_Library/Core/Src/usbd_core.c.obj
                0x080062ba                USBD_LL_Reset
 .text.USBD_LL_SetSpeed
                0x0800631e        0x6 CMakeFiles/FlashRainbow.elf.dir/Middlewares/ST/STM32_USB_Device_Library/Core/Src/usbd_core.c.obj
                0x0800631e                USBD_LL_SetSpeed
 .text.USBD_LL_Suspend
                0x08006324       0x1e CMakeFiles/FlashRainbow.elf.dir/Middlewares/ST/STM32_USB_Device_Library/Core/Src/usbd_core.c.obj
                0x08006324                USBD_LL_Suspend
 .text.USBD_LL_Resume
                0x08006342       0x1a CMakeFiles/FlashRainbow.elf.dir/Middlewares/ST/STM32_USB_Device_Library/Core/Src/usbd_core.c.obj
                0x08006342                USBD_LL_Resume
 .text.USBD_LL_SOF
                0x0800635c       0x22 CMakeFiles/FlashRainbow.elf.dir/Middlewares/ST/STM32_USB_Device_Library/Core/Src/usbd_core.c.obj
                0x0800635c                USBD_LL_SOF
 .text.USBD_LL_IsoINIncomplete
                0x0800637e       0x2e CMakeFiles/FlashRainbow.elf.dir/Middlewares/ST/STM32_USB_Device_Library/Core/Src/usbd_core.c.obj
                0x0800637e                USBD_LL_IsoINIncomplete
 .text.USBD_LL_IsoOUTIncomplete
                0x080063ac       0x2e CMakeFiles/FlashRainbow.elf.dir/Middlewares/ST/STM32_USB_Device_Library/Core/Src/usbd_core.c.obj
                0x080063ac                USBD_LL_IsoOUTIncomplete
 .text.USBD_LL_DevConnected
                0x080063da        0x4 CMakeFiles/FlashRainbow.elf.dir/Middlewares/ST/STM32_USB_Device_Library/Core/Src/usbd_core.c.obj
                0x080063da                USBD_LL_DevConnected
 .text.USBD_LL_DevDisconnected
                0x080063de       0x20 CMakeFiles/FlashRainbow.elf.dir/Middlewares/ST/STM32_USB_Device_Library/Core/Src/usbd_core.c.obj
                0x080063de                USBD_LL_DevDisconnected
 .text.USBD_CoreFindIF
                0x080063fe        0x4 CMakeFiles/FlashRainbow.elf.dir/Middlewares/ST/STM32_USB_Device_Library/Core/Src/usbd_core.c.obj
                0x080063fe                USBD_CoreFindIF
 .text.USBD_CoreFindEP
                0x08006402        0x4 CMakeFiles/FlashRainbow.elf.dir/Middlewares/ST/STM32_USB_Device_Library/Core/Src/usbd_core.c.obj
                0x08006402                USBD_CoreFindEP
 .text.USBD_LL_DataOutStage
                0x08006406       0xc4 CMakeFiles/FlashRainbow.elf.dir/Middlewares/ST/STM32_USB_Device_Library/Core/Src/usbd_core.c.obj
                0x08006406                USBD_LL_DataOutStage
 .text.USBD_LL_DataInStage
                0x080064ca       0xd6 CMakeFiles/FlashRainbow.elf.dir/Middlewares/ST/STM32_USB_Device_Library/Core/Src/usbd_core.c.obj
                0x080064ca                USBD_LL_DataInStage
 .text.USBD_GetNextDesc
                0x080065a0        0xe CMakeFiles/FlashRainbow.elf.dir/Middlewares/ST/STM32_USB_Device_Library/Core/Src/usbd_core.c.obj
                0x080065a0                USBD_GetNextDesc
 .text.USBD_GetEpDesc
                0x080065ae       0x3e CMakeFiles/FlashRainbow.elf.dir/Middlewares/ST/STM32_USB_Device_Library/Core/Src/usbd_core.c.obj
                0x080065ae                USBD_GetEpDesc
 .text.USBD_GetLen
                0x080065ec       0x14 CMakeFiles/FlashRainbow.elf.dir/Middlewares/ST/STM32_USB_Device_Library/Core/Src/usbd_ctlreq.c.obj
 .text.USBD_ParseSetupRequest
                0x08006600       0x28 CMakeFiles/FlashRainbow.elf.dir/Middlewares/ST/STM32_USB_Device_Library/Core/Src/usbd_ctlreq.c.obj
                0x08006600                USBD_ParseSetupRequest
 .text.USBD_CtlError
                0x08006628       0x14 CMakeFiles/FlashRainbow.elf.dir/Middlewares/ST/STM32_USB_Device_Library/Core/Src/usbd_ctlreq.c.obj
                0x08006628                USBD_CtlError
 .text.USBD_GetDescriptor
                0x0800663c      0x1ac CMakeFiles/FlashRainbow.elf.dir/Middlewares/ST/STM32_USB_Device_Library/Core/Src/usbd_ctlreq.c.obj
 .text.USBD_SetAddress
                0x080067e8       0x50 CMakeFiles/FlashRainbow.elf.dir/Middlewares/ST/STM32_USB_Device_Library/Core/Src/usbd_ctlreq.c.obj
 .text.USBD_SetConfig
                0x08006838       0xcc CMakeFiles/FlashRainbow.elf.dir/Middlewares/ST/STM32_USB_Device_Library/Core/Src/usbd_ctlreq.c.obj
 .text.USBD_GetConfig
                0x08006904       0x40 CMakeFiles/FlashRainbow.elf.dir/Middlewares/ST/STM32_USB_Device_Library/Core/Src/usbd_ctlreq.c.obj
 .text.USBD_GetStatus
                0x08006944       0x38 CMakeFiles/FlashRainbow.elf.dir/Middlewares/ST/STM32_USB_Device_Library/Core/Src/usbd_ctlreq.c.obj
 .text.USBD_SetFeature
                0x0800697c       0x2a CMakeFiles/FlashRainbow.elf.dir/Middlewares/ST/STM32_USB_Device_Library/Core/Src/usbd_ctlreq.c.obj
 .text.USBD_ClrFeature
                0x080069a6       0x26 CMakeFiles/FlashRainbow.elf.dir/Middlewares/ST/STM32_USB_Device_Library/Core/Src/usbd_ctlreq.c.obj
 .text.USBD_StdDevReq
                0x080069cc       0x76 CMakeFiles/FlashRainbow.elf.dir/Middlewares/ST/STM32_USB_Device_Library/Core/Src/usbd_ctlreq.c.obj
                0x080069cc                USBD_StdDevReq
 .text.USBD_StdItfReq
                0x08006a42       0x84 CMakeFiles/FlashRainbow.elf.dir/Middlewares/ST/STM32_USB_Device_Library/Core/Src/usbd_ctlreq.c.obj
                0x08006a42                USBD_StdItfReq
 .text.USBD_StdEPReq
                0x08006ac6      0x232 CMakeFiles/FlashRainbow.elf.dir/Middlewares/ST/STM32_USB_Device_Library/Core/Src/usbd_ctlreq.c.obj
                0x08006ac6                USBD_StdEPReq
 .text.USBD_GetString
                0x08006cf8       0x46 CMakeFiles/FlashRainbow.elf.dir/Middlewares/ST/STM32_USB_Device_Library/Core/Src/usbd_ctlreq.c.obj
                0x08006cf8                USBD_GetString
 .text.USBD_CtlSendData
                0x08006d3e       0x1a CMakeFiles/FlashRainbow.elf.dir/Middlewares/ST/STM32_USB_Device_Library/Core/Src/usbd_ioreq.c.obj
                0x08006d3e                USBD_CtlSendData
 .text.USBD_CtlContinueSendData
                0x08006d58       0x10 CMakeFiles/FlashRainbow.elf.dir/Middlewares/ST/STM32_USB_Device_Library/Core/Src/usbd_ioreq.c.obj
                0x08006d58                USBD_CtlContinueSendData
 .text.USBD_CtlPrepareRx
                0x08006d68       0x1e CMakeFiles/FlashRainbow.elf.dir/Middlewares/ST/STM32_USB_Device_Library/Core/Src/usbd_ioreq.c.obj
                0x08006d68                USBD_CtlPrepareRx
 .text.USBD_CtlContinueRx
                0x08006d86       0x10 CMakeFiles/FlashRainbow.elf.dir/Middlewares/ST/STM32_USB_Device_Library/Core/Src/usbd_ioreq.c.obj
                0x08006d86                USBD_CtlContinueRx
 .text.USBD_CtlSendStatus
                0x08006d96       0x16 CMakeFiles/FlashRainbow.elf.dir/Middlewares/ST/STM32_USB_Device_Library/Core/Src/usbd_ioreq.c.obj
                0x08006d96                USBD_CtlSendStatus
 .text.USBD_CtlReceiveStatus
                0x08006dac       0x16 CMakeFiles/FlashRainbow.elf.dir/Middlewares/ST/STM32_USB_Device_Library/Core/Src/usbd_ioreq.c.obj
                0x08006dac                USBD_CtlReceiveStatus
 *fill*         0x08006dc2        0x2 
 .text.MX_USB_DEVICE_Init
                0x08006dc4       0x58 CMakeFiles/FlashRainbow.elf.dir/USB_DEVICE/App/usb_device.c.obj
                0x08006dc4                MX_USB_DEVICE_Init
 .text.CDC_DeInit_HS
                0x08006e1c        0x4 CMakeFiles/FlashRainbow.elf.dir/USB_DEVICE/App/usbd_cdc_if.c.obj
 .text.CDC_Control_HS
                0x08006e20        0x4 CMakeFiles/FlashRainbow.elf.dir/USB_DEVICE/App/usbd_cdc_if.c.obj
 .text.CDC_TransmitCplt_HS
                0x08006e24        0x4 CMakeFiles/FlashRainbow.elf.dir/USB_DEVICE/App/usbd_cdc_if.c.obj
 .text.CDC_Receive_HS
                0x08006e28       0x28 CMakeFiles/FlashRainbow.elf.dir/USB_DEVICE/App/usbd_cdc_if.c.obj
 .text.CDC_Init_HS
                0x08006e50       0x28 CMakeFiles/FlashRainbow.elf.dir/USB_DEVICE/App/usbd_cdc_if.c.obj
 .text.CDC_Transmit_HS
                0x08006e78       0x2c CMakeFiles/FlashRainbow.elf.dir/USB_DEVICE/App/usbd_cdc_if.c.obj
                0x08006e78                CDC_Transmit_HS
 .text.USBD_HS_DeviceDescriptor
                0x08006ea4        0xc CMakeFiles/FlashRainbow.elf.dir/USB_DEVICE/App/usbd_desc.c.obj
                0x08006ea4                USBD_HS_DeviceDescriptor
 .text.USBD_HS_LangIDStrDescriptor
                0x08006eb0        0xc CMakeFiles/FlashRainbow.elf.dir/USB_DEVICE/App/usbd_desc.c.obj
                0x08006eb0                USBD_HS_LangIDStrDescriptor
 .text.IntToUnicode
                0x08006ebc       0x46 CMakeFiles/FlashRainbow.elf.dir/USB_DEVICE/App/usbd_desc.c.obj
 *fill*         0x08006f02        0x2 
 .text.Get_SerialNum
                0x08006f04       0x38 CMakeFiles/FlashRainbow.elf.dir/USB_DEVICE/App/usbd_desc.c.obj
 .text.USBD_HS_SerialStrDescriptor
                0x08006f3c       0x14 CMakeFiles/FlashRainbow.elf.dir/USB_DEVICE/App/usbd_desc.c.obj
                0x08006f3c                USBD_HS_SerialStrDescriptor
 .text.USBD_HS_ProductStrDescriptor
                0x08006f50       0x24 CMakeFiles/FlashRainbow.elf.dir/USB_DEVICE/App/usbd_desc.c.obj
                0x08006f50                USBD_HS_ProductStrDescriptor
 .text.USBD_HS_ManufacturerStrDescriptor
                0x08006f74       0x1c CMakeFiles/FlashRainbow.elf.dir/USB_DEVICE/App/usbd_desc.c.obj
                0x08006f74                USBD_HS_ManufacturerStrDescriptor
 .text.USBD_HS_ConfigStrDescriptor
                0x08006f90       0x24 CMakeFiles/FlashRainbow.elf.dir/USB_DEVICE/App/usbd_desc.c.obj
                0x08006f90                USBD_HS_ConfigStrDescriptor
 .text.USBD_HS_InterfaceStrDescriptor
                0x08006fb4       0x24 CMakeFiles/FlashRainbow.elf.dir/USB_DEVICE/App/usbd_desc.c.obj
                0x08006fb4                USBD_HS_InterfaceStrDescriptor
 .text.HAL_PCD_MspInit
                0x08006fd8       0x74 CMakeFiles/FlashRainbow.elf.dir/USB_DEVICE/Target/usbd_conf.c.obj
                0x08006fd8                HAL_PCD_MspInit
 .text.HAL_PCD_SetupStageCallback
                0x0800704c       0x10 CMakeFiles/FlashRainbow.elf.dir/USB_DEVICE/Target/usbd_conf.c.obj
                0x0800704c                HAL_PCD_SetupStageCallback
 .text.HAL_PCD_DataOutStageCallback
                0x0800705c       0x18 CMakeFiles/FlashRainbow.elf.dir/USB_DEVICE/Target/usbd_conf.c.obj
                0x0800705c                HAL_PCD_DataOutStageCallback
 .text.HAL_PCD_DataInStageCallback
                0x08007074       0x16 CMakeFiles/FlashRainbow.elf.dir/USB_DEVICE/Target/usbd_conf.c.obj
                0x08007074                HAL_PCD_DataInStageCallback
 .text.HAL_PCD_SOFCallback
                0x0800708a        0xc CMakeFiles/FlashRainbow.elf.dir/USB_DEVICE/Target/usbd_conf.c.obj
                0x0800708a                HAL_PCD_SOFCallback
 .text.HAL_PCD_ResetCallback
                0x08007096       0x28 CMakeFiles/FlashRainbow.elf.dir/USB_DEVICE/Target/usbd_conf.c.obj
                0x08007096                HAL_PCD_ResetCallback
 *fill*         0x080070be        0x2 
 .text.HAL_PCD_SuspendCallback
                0x080070c0       0x30 CMakeFiles/FlashRainbow.elf.dir/USB_DEVICE/Target/usbd_conf.c.obj
                0x080070c0                HAL_PCD_SuspendCallback
 .text.HAL_PCD_ResumeCallback
                0x080070f0        0xc CMakeFiles/FlashRainbow.elf.dir/USB_DEVICE/Target/usbd_conf.c.obj
                0x080070f0                HAL_PCD_ResumeCallback
 .text.HAL_PCD_ISOOUTIncompleteCallback
                0x080070fc        0xc CMakeFiles/FlashRainbow.elf.dir/USB_DEVICE/Target/usbd_conf.c.obj
                0x080070fc                HAL_PCD_ISOOUTIncompleteCallback
 .text.HAL_PCD_ISOINIncompleteCallback
                0x08007108        0xc CMakeFiles/FlashRainbow.elf.dir/USB_DEVICE/Target/usbd_conf.c.obj
                0x08007108                HAL_PCD_ISOINIncompleteCallback
 .text.HAL_PCD_ConnectCallback
                0x08007114        0xc CMakeFiles/FlashRainbow.elf.dir/USB_DEVICE/Target/usbd_conf.c.obj
                0x08007114                HAL_PCD_ConnectCallback
 .text.HAL_PCD_DisconnectCallback
                0x08007120        0xc CMakeFiles/FlashRainbow.elf.dir/USB_DEVICE/Target/usbd_conf.c.obj
                0x08007120                HAL_PCD_DisconnectCallback
 .text.USBD_LL_Init
                0x0800712c       0x70 CMakeFiles/FlashRainbow.elf.dir/USB_DEVICE/Target/usbd_conf.c.obj
                0x0800712c                USBD_LL_Init
 .text.USBD_LL_IsStallEP
                0x0800719c       0x2c CMakeFiles/FlashRainbow.elf.dir/USB_DEVICE/Target/usbd_conf.c.obj
                0x0800719c                USBD_LL_IsStallEP
 .text.USBD_LL_GetRxDataSize
                0x080071c8        0xc CMakeFiles/FlashRainbow.elf.dir/USB_DEVICE/Target/usbd_conf.c.obj
                0x080071c8                USBD_LL_GetRxDataSize
 .text.USBD_static_malloc
                0x080071d4        0x8 CMakeFiles/FlashRainbow.elf.dir/USB_DEVICE/Target/usbd_conf.c.obj
                0x080071d4                USBD_static_malloc
 .text.USBD_static_free
                0x080071dc        0x2 CMakeFiles/FlashRainbow.elf.dir/USB_DEVICE/Target/usbd_conf.c.obj
                0x080071dc                USBD_static_free
 .text.USBD_Get_USB_Status
                0x080071de       0x14 CMakeFiles/FlashRainbow.elf.dir/USB_DEVICE/Target/usbd_conf.c.obj
                0x080071de                USBD_Get_USB_Status
 .text.USBD_LL_Start
                0x080071f2       0x10 CMakeFiles/FlashRainbow.elf.dir/USB_DEVICE/Target/usbd_conf.c.obj
                0x080071f2                USBD_LL_Start
 .text.USBD_LL_OpenEP
                0x08007202       0x16 CMakeFiles/FlashRainbow.elf.dir/USB_DEVICE/Target/usbd_conf.c.obj
                0x08007202                USBD_LL_OpenEP
 .text.USBD_LL_CloseEP
                0x08007218       0x10 CMakeFiles/FlashRainbow.elf.dir/USB_DEVICE/Target/usbd_conf.c.obj
                0x08007218                USBD_LL_CloseEP
 .text.USBD_LL_StallEP
                0x08007228       0x10 CMakeFiles/FlashRainbow.elf.dir/USB_DEVICE/Target/usbd_conf.c.obj
                0x08007228                USBD_LL_StallEP
 .text.USBD_LL_ClearStallEP
                0x08007238       0x10 CMakeFiles/FlashRainbow.elf.dir/USB_DEVICE/Target/usbd_conf.c.obj
                0x08007238                USBD_LL_ClearStallEP
 .text.USBD_LL_SetUSBAddress
                0x08007248       0x10 CMakeFiles/FlashRainbow.elf.dir/USB_DEVICE/Target/usbd_conf.c.obj
                0x08007248                USBD_LL_SetUSBAddress
 .text.USBD_LL_Transmit
                0x08007258       0x10 CMakeFiles/FlashRainbow.elf.dir/USB_DEVICE/Target/usbd_conf.c.obj
                0x08007258                USBD_LL_Transmit
 .text.USBD_LL_PrepareReceive
                0x08007268       0x10 CMakeFiles/FlashRainbow.elf.dir/USB_DEVICE/Target/usbd_conf.c.obj
                0x08007268                USBD_LL_PrepareReceive
 .text.stdio_exit_handler
                0x08007278       0x18 C:/PROGRA~2/ARMGNU~1/133167~1.3RE/bin/../lib/gcc/arm-none-eabi/13.3.1/thumb/v7e-m/nofp\libc.a(libc_a-findfp.o)
 .text.cleanup_stdio
                0x08007290       0x40 C:/PROGRA~2/ARMGNU~1/133167~1.3RE/bin/../lib/gcc/arm-none-eabi/13.3.1/thumb/v7e-m/nofp\libc.a(libc_a-findfp.o)
 .text.global_stdio_init.part.0
                0x080072d0       0xf0 C:/PROGRA~2/ARMGNU~1/133167~1.3RE/bin/../lib/gcc/arm-none-eabi/13.3.1/thumb/v7e-m/nofp\libc.a(libc_a-findfp.o)
 .text.__sinit  0x080073c0       0x3c C:/PROGRA~2/ARMGNU~1/133167~1.3RE/bin/../lib/gcc/arm-none-eabi/13.3.1/thumb/v7e-m/nofp\libc.a(libc_a-findfp.o)
                0x080073c0                __sinit
 .text.__sfp_lock_acquire
                0x080073fc        0xc C:/PROGRA~2/ARMGNU~1/133167~1.3RE/bin/../lib/gcc/arm-none-eabi/13.3.1/thumb/v7e-m/nofp\libc.a(libc_a-findfp.o)
                0x080073fc                __sfp_lock_acquire
 .text.__sfp_lock_release
                0x08007408        0xc C:/PROGRA~2/ARMGNU~1/133167~1.3RE/bin/../lib/gcc/arm-none-eabi/13.3.1/thumb/v7e-m/nofp\libc.a(libc_a-findfp.o)
                0x08007408                __sfp_lock_release
 .text._fwalk_sglue
                0x08007414       0x44 C:/PROGRA~2/ARMGNU~1/133167~1.3RE/bin/../lib/gcc/arm-none-eabi/13.3.1/thumb/v7e-m/nofp\libc.a(libc_a-fwalk.o)
                0x08007414                _fwalk_sglue
 .text.__sread  0x08007458       0x24 C:/PROGRA~2/ARMGNU~1/133167~1.3RE/bin/../lib/gcc/arm-none-eabi/13.3.1/thumb/v7e-m/nofp\libc.a(libc_a-stdio.o)
                0x08007458                __sread
 .text.__swrite
                0x0800747c       0x40 C:/PROGRA~2/ARMGNU~1/133167~1.3RE/bin/../lib/gcc/arm-none-eabi/13.3.1/thumb/v7e-m/nofp\libc.a(libc_a-stdio.o)
                0x0800747c                __swrite
 .text.__sseek  0x080074bc       0x24 C:/PROGRA~2/ARMGNU~1/133167~1.3RE/bin/../lib/gcc/arm-none-eabi/13.3.1/thumb/v7e-m/nofp\libc.a(libc_a-stdio.o)
                0x080074bc                __sseek
 .text.__sclose
                0x080074e0        0x8 C:/PROGRA~2/ARMGNU~1/133167~1.3RE/bin/../lib/gcc/arm-none-eabi/13.3.1/thumb/v7e-m/nofp\libc.a(libc_a-stdio.o)
                0x080074e0                __sclose
 .text.vsnprintf
                0x080074e8       0x78 C:/PROGRA~2/ARMGNU~1/133167~1.3RE/bin/../lib/gcc/arm-none-eabi/13.3.1/thumb/v7e-m/nofp\libc.a(libc_a-vsnprintf.o)
                0x080074e8                vsnprintf
 .text.memset   0x08007560       0xa4 C:/PROGRA~2/ARMGNU~1/133167~1.3RE/bin/../lib/gcc/arm-none-eabi/13.3.1/thumb/v7e-m/nofp\libc.a(libc_a-memset.o)
                0x08007560                memset
 .text._close_r
                0x08007604       0x24 C:/PROGRA~2/ARMGNU~1/133167~1.3RE/bin/../lib/gcc/arm-none-eabi/13.3.1/thumb/v7e-m/nofp\libc.a(libc_a-closer.o)
                0x08007604                _close_r
 .text._lseek_r
                0x08007628       0x2c C:/PROGRA~2/ARMGNU~1/133167~1.3RE/bin/../lib/gcc/arm-none-eabi/13.3.1/thumb/v7e-m/nofp\libc.a(libc_a-lseekr.o)
                0x08007628                _lseek_r
 .text._read_r  0x08007654       0x2c C:/PROGRA~2/ARMGNU~1/133167~1.3RE/bin/../lib/gcc/arm-none-eabi/13.3.1/thumb/v7e-m/nofp\libc.a(libc_a-readr.o)
                0x08007654                _read_r
 .text._write_r
                0x08007680       0x2c C:/PROGRA~2/ARMGNU~1/133167~1.3RE/bin/../lib/gcc/arm-none-eabi/13.3.1/thumb/v7e-m/nofp\libc.a(libc_a-writer.o)
                0x08007680                _write_r
 .text.__errno  0x080076ac        0xc C:/PROGRA~2/ARMGNU~1/133167~1.3RE/bin/../lib/gcc/arm-none-eabi/13.3.1/thumb/v7e-m/nofp\libc.a(libc_a-errno.o)
                0x080076ac                __errno
 .text.__libc_init_array
                0x080076b8       0x50 C:/PROGRA~2/ARMGNU~1/133167~1.3RE/bin/../lib/gcc/arm-none-eabi/13.3.1/thumb/v7e-m/nofp\libc.a(libc_a-init.o)
                0x080076b8                __libc_init_array
 .text.__retarget_lock_init_recursive
                0x08007708        0x4 C:/PROGRA~2/ARMGNU~1/133167~1.3RE/bin/../lib/gcc/arm-none-eabi/13.3.1/thumb/v7e-m/nofp\libc.a(libc_a-lock.o)
                0x08007708                __retarget_lock_init_recursive
 .text.__retarget_lock_close_recursive
                0x0800770c        0x4 C:/PROGRA~2/ARMGNU~1/133167~1.3RE/bin/../lib/gcc/arm-none-eabi/13.3.1/thumb/v7e-m/nofp\libc.a(libc_a-lock.o)
                0x0800770c                __retarget_lock_close_recursive
 .text.__retarget_lock_acquire_recursive
                0x08007710        0x4 C:/PROGRA~2/ARMGNU~1/133167~1.3RE/bin/../lib/gcc/arm-none-eabi/13.3.1/thumb/v7e-m/nofp\libc.a(libc_a-lock.o)
                0x08007710                __retarget_lock_acquire_recursive
 .text.__retarget_lock_release_recursive
                0x08007714        0x4 C:/PROGRA~2/ARMGNU~1/133167~1.3RE/bin/../lib/gcc/arm-none-eabi/13.3.1/thumb/v7e-m/nofp\libc.a(libc_a-lock.o)
                0x08007714                __retarget_lock_release_recursive
 .text.strcpy   0x08007718       0xbc C:/PROGRA~2/ARMGNU~1/133167~1.3RE/bin/../lib/gcc/arm-none-eabi/13.3.1/thumb/v7e-m/nofp\libc.a(libc_a-strcpy.o)
                0x08007718                strcpy
 .text.startup.register_fini
                0x080077d4       0x14 C:/PROGRA~2/ARMGNU~1/133167~1.3RE/bin/../lib/gcc/arm-none-eabi/13.3.1/thumb/v7e-m/nofp\libc.a(libc_a-__call_atexit.o)
 .text.atexit   0x080077e8        0xc C:/PROGRA~2/ARMGNU~1/133167~1.3RE/bin/../lib/gcc/arm-none-eabi/13.3.1/thumb/v7e-m/nofp\libc.a(libc_a-atexit.o)
                0x080077e8                atexit
 .text._malloc_trim_r
                0x080077f4       0xb8 C:/PROGRA~2/ARMGNU~1/133167~1.3RE/bin/../lib/gcc/arm-none-eabi/13.3.1/thumb/v7e-m/nofp\libc.a(libc_a-freer.o)
                0x080077f4                _malloc_trim_r
 .text._free_r  0x080078ac      0x1f8 C:/PROGRA~2/ARMGNU~1/133167~1.3RE/bin/../lib/gcc/arm-none-eabi/13.3.1/thumb/v7e-m/nofp\libc.a(libc_a-freer.o)
                0x080078ac                _free_r
 .text._malloc_r
                0x08007aa4      0x564 C:/PROGRA~2/ARMGNU~1/133167~1.3RE/bin/../lib/gcc/arm-none-eabi/13.3.1/thumb/v7e-m/nofp\libc.a(libc_a-mallocr.o)
                0x08007aa4                _malloc_r
 .text.__malloc_lock
                0x08008008        0xc C:/PROGRA~2/ARMGNU~1/133167~1.3RE/bin/../lib/gcc/arm-none-eabi/13.3.1/thumb/v7e-m/nofp\libc.a(libc_a-mlock.o)
                0x08008008                __malloc_lock
 .text.__malloc_unlock
                0x08008014        0xc C:/PROGRA~2/ARMGNU~1/133167~1.3RE/bin/../lib/gcc/arm-none-eabi/13.3.1/thumb/v7e-m/nofp\libc.a(libc_a-mlock.o)
                0x08008014                __malloc_unlock
 .text._svfprintf_r
                0x08008020     0x1b6c C:/PROGRA~2/ARMGNU~1/133167~1.3RE/bin/../lib/gcc/arm-none-eabi/13.3.1/thumb/v7e-m/nofp\libc.a(libc_a-svfprintf.o)
                0x08008020                _svfprintf_r
 .text.__ssprint_r
                0x08009b8c       0x58 C:/PROGRA~2/ARMGNU~1/133167~1.3RE/bin/../lib/gcc/arm-none-eabi/13.3.1/thumb/v7e-m/nofp\libc.a(libc_a-ssprint_r.o)
                0x08009b8c                __ssprint_r
 .text._fclose_r
                0x08009be4       0xc0 C:/PROGRA~2/ARMGNU~1/133167~1.3RE/bin/../lib/gcc/arm-none-eabi/13.3.1/thumb/v7e-m/nofp\libc.a(libc_a-fclose.o)
                0x08009be4                _fclose_r
 .text.__sflush_r
                0x08009ca4      0x128 C:/PROGRA~2/ARMGNU~1/133167~1.3RE/bin/../lib/gcc/arm-none-eabi/13.3.1/thumb/v7e-m/nofp\libc.a(libc_a-fflush.o)
                0x08009ca4                __sflush_r
 .text._fflush_r
                0x08009dcc       0x54 C:/PROGRA~2/ARMGNU~1/133167~1.3RE/bin/../lib/gcc/arm-none-eabi/13.3.1/thumb/v7e-m/nofp\libc.a(libc_a-fflush.o)
                0x08009dcc                _fflush_r
 .text.strncpy  0x08009e20       0x68 C:/PROGRA~2/ARMGNU~1/133167~1.3RE/bin/../lib/gcc/arm-none-eabi/13.3.1/thumb/v7e-m/nofp\libc.a(libc_a-strncpy.o)
                0x08009e20                strncpy
 .text.__locale_mb_cur_max
                0x08009e88        0xc C:/PROGRA~2/ARMGNU~1/133167~1.3RE/bin/../lib/gcc/arm-none-eabi/13.3.1/thumb/v7e-m/nofp\libc.a(libc_a-locale.o)
                0x08009e88                __locale_mb_cur_max
 .text._localeconv_r
                0x08009e94        0x8 C:/PROGRA~2/ARMGNU~1/133167~1.3RE/bin/../lib/gcc/arm-none-eabi/13.3.1/thumb/v7e-m/nofp\libc.a(libc_a-localeconv.o)
                0x08009e94                _localeconv_r
 .text._sbrk_r  0x08009e9c       0x24 C:/PROGRA~2/ARMGNU~1/133167~1.3RE/bin/../lib/gcc/arm-none-eabi/13.3.1/thumb/v7e-m/nofp\libc.a(libc_a-sbrkr.o)
                0x08009e9c                _sbrk_r
 .text.__libc_fini_array
                0x08009ec0       0x28 C:/PROGRA~2/ARMGNU~1/133167~1.3RE/bin/../lib/gcc/arm-none-eabi/13.3.1/thumb/v7e-m/nofp\libc.a(libc_a-fini.o)
                0x08009ec0                __libc_fini_array
 .text.sysconf  0x08009ee8       0x1c C:/PROGRA~2/ARMGNU~1/133167~1.3RE/bin/../lib/gcc/arm-none-eabi/13.3.1/thumb/v7e-m/nofp\libc.a(libc_a-sysconf.o)
                0x08009ee8                sysconf
 .text.frexp    0x08009f04       0x6c C:/PROGRA~2/ARMGNU~1/133167~1.3RE/bin/../lib/gcc/arm-none-eabi/13.3.1/thumb/v7e-m/nofp\libc.a(libm_a-s_frexp.o)
                0x08009f04                frexp
 .text.__register_exitproc
                0x08009f70       0x80 C:/PROGRA~2/ARMGNU~1/133167~1.3RE/bin/../lib/gcc/arm-none-eabi/13.3.1/thumb/v7e-m/nofp\libc.a(libc_a-__atexit.o)
                0x08009f70                __register_exitproc
 .text.quorem   0x08009ff0      0x12c C:/PROGRA~2/ARMGNU~1/133167~1.3RE/bin/../lib/gcc/arm-none-eabi/13.3.1/thumb/v7e-m/nofp\libc.a(libc_a-dtoa.o)
 *fill*         0x0800a11c        0x4 
 .text._dtoa_r  0x0800a120      0xe80 C:/PROGRA~2/ARMGNU~1/133167~1.3RE/bin/../lib/gcc/arm-none-eabi/13.3.1/thumb/v7e-m/nofp\libc.a(libc_a-dtoa.o)
                0x0800a120                _dtoa_r
 .text.__ascii_mbtowc
                0x0800afa0       0x2c C:/PROGRA~2/ARMGNU~1/133167~1.3RE/bin/../lib/gcc/arm-none-eabi/13.3.1/thumb/v7e-m/nofp\libc.a(libc_a-mbtowc_r.o)
                0x0800afa0                __ascii_mbtowc
 .text._Balloc  0x0800afcc       0x4c C:/PROGRA~2/ARMGNU~1/133167~1.3RE/bin/../lib/gcc/arm-none-eabi/13.3.1/thumb/v7e-m/nofp\libc.a(libc_a-mprec.o)
                0x0800afcc                _Balloc
 .text._Bfree   0x0800b018       0x14 C:/PROGRA~2/ARMGNU~1/133167~1.3RE/bin/../lib/gcc/arm-none-eabi/13.3.1/thumb/v7e-m/nofp\libc.a(libc_a-mprec.o)
                0x0800b018                _Bfree
 .text.__multadd
                0x0800b02c       0xa0 C:/PROGRA~2/ARMGNU~1/133167~1.3RE/bin/../lib/gcc/arm-none-eabi/13.3.1/thumb/v7e-m/nofp\libc.a(libc_a-mprec.o)
                0x0800b02c                __multadd
 .text.__hi0bits
                0x0800b0cc       0x44 C:/PROGRA~2/ARMGNU~1/133167~1.3RE/bin/../lib/gcc/arm-none-eabi/13.3.1/thumb/v7e-m/nofp\libc.a(libc_a-mprec.o)
                0x0800b0cc                __hi0bits
 .text.__lo0bits
                0x0800b110       0x60 C:/PROGRA~2/ARMGNU~1/133167~1.3RE/bin/../lib/gcc/arm-none-eabi/13.3.1/thumb/v7e-m/nofp\libc.a(libc_a-mprec.o)
                0x0800b110                __lo0bits
 .text.__i2b    0x0800b170       0x5c C:/PROGRA~2/ARMGNU~1/133167~1.3RE/bin/../lib/gcc/arm-none-eabi/13.3.1/thumb/v7e-m/nofp\libc.a(libc_a-mprec.o)
                0x0800b170                __i2b
 .text.__multiply
                0x0800b1cc      0x16c C:/PROGRA~2/ARMGNU~1/133167~1.3RE/bin/../lib/gcc/arm-none-eabi/13.3.1/thumb/v7e-m/nofp\libc.a(libc_a-mprec.o)
                0x0800b1cc                __multiply
 .text.__pow5mult
                0x0800b338       0xb4 C:/PROGRA~2/ARMGNU~1/133167~1.3RE/bin/../lib/gcc/arm-none-eabi/13.3.1/thumb/v7e-m/nofp\libc.a(libc_a-mprec.o)
                0x0800b338                __pow5mult
 .text.__lshift
                0x0800b3ec       0xf0 C:/PROGRA~2/ARMGNU~1/133167~1.3RE/bin/../lib/gcc/arm-none-eabi/13.3.1/thumb/v7e-m/nofp\libc.a(libc_a-mprec.o)
                0x0800b3ec                __lshift
 .text.__mcmp   0x0800b4dc       0x40 C:/PROGRA~2/ARMGNU~1/133167~1.3RE/bin/../lib/gcc/arm-none-eabi/13.3.1/thumb/v7e-m/nofp\libc.a(libc_a-mprec.o)
                0x0800b4dc                __mcmp
 .text.__mdiff  0x0800b51c      0x178 C:/PROGRA~2/ARMGNU~1/133167~1.3RE/bin/../lib/gcc/arm-none-eabi/13.3.1/thumb/v7e-m/nofp\libc.a(libc_a-mprec.o)
                0x0800b51c                __mdiff
 .text.__d2b    0x0800b694       0xbc C:/PROGRA~2/ARMGNU~1/133167~1.3RE/bin/../lib/gcc/arm-none-eabi/13.3.1/thumb/v7e-m/nofp\libc.a(libc_a-mprec.o)
                0x0800b694                __d2b
 .text.__ascii_wctomb
                0x0800b750       0x1c C:/PROGRA~2/ARMGNU~1/133167~1.3RE/bin/../lib/gcc/arm-none-eabi/13.3.1/thumb/v7e-m/nofp\libc.a(libc_a-wctomb_r.o)
                0x0800b750                __ascii_wctomb
 .text._wcrtomb_r
                0x0800b76c       0x4c C:/PROGRA~2/ARMGNU~1/133167~1.3RE/bin/../lib/gcc/arm-none-eabi/13.3.1/thumb/v7e-m/nofp\libc.a(libc_a-wcrtomb.o)
                0x0800b76c                _wcrtomb_r
 .text._wcsrtombs_r
                0x0800b7b8       0x1c C:/PROGRA~2/ARMGNU~1/133167~1.3RE/bin/../lib/gcc/arm-none-eabi/13.3.1/thumb/v7e-m/nofp\libc.a(libc_a-wcsrtombs.o)
                0x0800b7b8                _wcsrtombs_r
 .text.__ssputs_r
                0x0800b7d4       0xc0 C:/PROGRA~2/ARMGNU~1/133167~1.3RE/bin/../lib/gcc/arm-none-eabi/13.3.1/thumb/v7e-m/nofp\libc.a(libc_a-ssputs_r.o)
                0x0800b7d4                __ssputs_r
 .text.memmove  0x0800b894      0x100 C:/PROGRA~2/ARMGNU~1/133167~1.3RE/bin/../lib/gcc/arm-none-eabi/13.3.1/thumb/v7e-m/nofp\libc.a(libc_a-memmove.o)
                0x0800b894                memmove
 .text.__assert_func
                0x0800b994       0x40 C:/PROGRA~2/ARMGNU~1/133167~1.3RE/bin/../lib/gcc/arm-none-eabi/13.3.1/thumb/v7e-m/nofp\libc.a(libc_a-assert.o)
                0x0800b994                __assert_func
 .text._calloc_r
                0x0800b9d4       0x6c C:/PROGRA~2/ARMGNU~1/133167~1.3RE/bin/../lib/gcc/arm-none-eabi/13.3.1/thumb/v7e-m/nofp\libc.a(libc_a-callocr.o)
                0x0800b9d4                _calloc_r
 .text._realloc_r
                0x0800ba40      0x344 C:/PROGRA~2/ARMGNU~1/133167~1.3RE/bin/../lib/gcc/arm-none-eabi/13.3.1/thumb/v7e-m/nofp\libc.a(libc_a-reallocr.o)
                0x0800ba40                _realloc_r
 .text._wcsnrtombs_l
                0x0800bd84       0xec C:/PROGRA~2/ARMGNU~1/133167~1.3RE/bin/../lib/gcc/arm-none-eabi/13.3.1/thumb/v7e-m/nofp\libc.a(libc_a-wcsnrtombs.o)
                0x0800bd84                _wcsnrtombs_l
 .text._wcsnrtombs_r
                0x0800be70       0x24 C:/PROGRA~2/ARMGNU~1/133167~1.3RE/bin/../lib/gcc/arm-none-eabi/13.3.1/thumb/v7e-m/nofp\libc.a(libc_a-wcsnrtombs.o)
                0x0800be70                _wcsnrtombs_r
 .text.fiprintf
                0x0800be94       0x28 C:/PROGRA~2/ARMGNU~1/133167~1.3RE/bin/../lib/gcc/arm-none-eabi/13.3.1/thumb/v7e-m/nofp\libc.a(libc_a-fiprintf.o)
                0x0800be94                fiprintf
 .text._vfiprintf_r
                0x0800bebc      0xe6c C:/PROGRA~2/ARMGNU~1/133167~1.3RE/bin/../lib/gcc/arm-none-eabi/13.3.1/thumb/v7e-m/nofp\libc.a(libc_a-vfiprintf.o)
                0x0800bebc                _vfiprintf_r
 .text.__sbprintf
                0x0800cd28       0x80 C:/PROGRA~2/ARMGNU~1/133167~1.3RE/bin/../lib/gcc/arm-none-eabi/13.3.1/thumb/v7e-m/nofp\libc.a(libc_a-vfiprintf.o)
 .text.__sprint_r
                0x0800cda8       0x20 C:/PROGRA~2/ARMGNU~1/133167~1.3RE/bin/../lib/gcc/arm-none-eabi/13.3.1/thumb/v7e-m/nofp\libc.a(libc_a-sprint_r.o)
                0x0800cda8                __sprint_r
 .text.__sfvwrite_r
                0x0800cdc8      0x2f8 C:/PROGRA~2/ARMGNU~1/133167~1.3RE/bin/../lib/gcc/arm-none-eabi/13.3.1/thumb/v7e-m/nofp\libc.a(libc_a-fvwrite.o)
                0x0800cdc8                __sfvwrite_r
 .text.__swsetup_r
                0x0800d0c0       0xc4 C:/PROGRA~2/ARMGNU~1/133167~1.3RE/bin/../lib/gcc/arm-none-eabi/13.3.1/thumb/v7e-m/nofp\libc.a(libc_a-wsetup.o)
                0x0800d0c0                __swsetup_r
 .text.abort    0x0800d184       0x10 C:/PROGRA~2/ARMGNU~1/133167~1.3RE/bin/../lib/gcc/arm-none-eabi/13.3.1/thumb/v7e-m/nofp\libc.a(libc_a-abort.o)
                0x0800d184                abort
 .text.__smakebuf_r
                0x0800d194       0xdc C:/PROGRA~2/ARMGNU~1/133167~1.3RE/bin/../lib/gcc/arm-none-eabi/13.3.1/thumb/v7e-m/nofp\libc.a(libc_a-makebuf.o)
                0x0800d194                __smakebuf_r
 .text.raise    0x0800d270       0x58 C:/PROGRA~2/ARMGNU~1/133167~1.3RE/bin/../lib/gcc/arm-none-eabi/13.3.1/thumb/v7e-m/nofp\libc.a(libc_a-signal.o)
                0x0800d270                raise
 .text._fstat_r
                0x0800d2c8       0x2c C:/PROGRA~2/ARMGNU~1/133167~1.3RE/bin/../lib/gcc/arm-none-eabi/13.3.1/thumb/v7e-m/nofp\libc.a(libc_a-fstatr.o)
                0x0800d2c8                _fstat_r
 .text._isatty_r
                0x0800d2f4       0x24 C:/PROGRA~2/ARMGNU~1/133167~1.3RE/bin/../lib/gcc/arm-none-eabi/13.3.1/thumb/v7e-m/nofp\libc.a(libc_a-isattyr.o)
                0x0800d2f4                _isatty_r
 .text._kill_r  0x0800d318       0x2c C:/PROGRA~2/ARMGNU~1/133167~1.3RE/bin/../lib/gcc/arm-none-eabi/13.3.1/thumb/v7e-m/nofp\libc.a(libc_a-signalr.o)
                0x0800d318                _kill_r
 .text._getpid_r
                0x0800d344        0x4 C:/PROGRA~2/ARMGNU~1/133167~1.3RE/bin/../lib/gcc/arm-none-eabi/13.3.1/thumb/v7e-m/nofp\libc.a(libc_a-signalr.o)
                0x0800d344                _getpid_r
 *(.glue_7)
 .glue_7        0x0800d348        0x0 linker stubs
 *(.glue_7t)
 .glue_7t       0x0800d348        0x0 linker stubs
 *(.eh_frame)
 .eh_frame      0x0800d348        0x0 C:/PROGRA~2/ARMGNU~1/133167~1.3RE/bin/../lib/gcc/arm-none-eabi/13.3.1/thumb/v7e-m/nofp/crtbegin.o
 *(.init)
 .init          0x0800d348        0x4 C:/PROGRA~2/ARMGNU~1/133167~1.3RE/bin/../lib/gcc/arm-none-eabi/13.3.1/thumb/v7e-m/nofp/crti.o
                0x0800d348                _init
 .init          0x0800d34c        0x8 C:/PROGRA~2/ARMGNU~1/133167~1.3RE/bin/../lib/gcc/arm-none-eabi/13.3.1/thumb/v7e-m/nofp/crtn.o
 *(.fini)
 .fini          0x0800d354        0x4 C:/PROGRA~2/ARMGNU~1/133167~1.3RE/bin/../lib/gcc/arm-none-eabi/13.3.1/thumb/v7e-m/nofp/crti.o
                0x0800d354                _fini
 .fini          0x0800d358        0x8 C:/PROGRA~2/ARMGNU~1/133167~1.3RE/bin/../lib/gcc/arm-none-eabi/13.3.1/thumb/v7e-m/nofp/crtn.o
                0x0800d360                        . = ALIGN (0x4)
                0x0800d360                        _etext = .

.vfp11_veneer   0x0800d360        0x0
 .vfp11_veneer  0x0800d360        0x0 linker stubs

.v4_bx          0x0800d360        0x0
 .v4_bx         0x0800d360        0x0 linker stubs

.iplt           0x0800d360        0x0
 .iplt          0x0800d360        0x0 C:/PROGRA~2/ARMGNU~1/133167~1.3RE/bin/../lib/gcc/arm-none-eabi/13.3.1/thumb/v7e-m/nofp/crtbegin.o

.rodata         0x0800d360      0x488
                0x0800d360                        . = ALIGN (0x4)
 *(.rodata)
 *(.rodata*)
 .rodata.main.str1.4
                0x0800d360      0x237 CMakeFiles/FlashRainbow.elf.dir/Core/Src/main.c.obj
                                  0xa (size before relaxing)
 *fill*         0x0800d597        0x1 
 .rodata.D1CorePrescTable
                0x0800d598       0x10 CMakeFiles/FlashRainbow.elf.dir/Core/Src/system_stm32h7xx.c.obj
                0x0800d598                D1CorePrescTable
 .rodata.boot_to_dfu.str1.4
                0x0800d5a8        0xe CMakeFiles/FlashRainbow.elf.dir/Libs/longhorn-lib-2025/dfu.c.obj
 .rodata.receiveData.str1.4
                0x0800d5a8       0x16 CMakeFiles/FlashRainbow.elf.dir/Libs/longhorn-lib-2025/usb_vcp.c.obj
 .rodata.receive_periodic.str1.4
                0x0800d5a8       0x1a CMakeFiles/FlashRainbow.elf.dir/Libs/longhorn-lib-2025/usb_vcp.c.obj
 .rodata.USBD_HS_ProductStrDescriptor.str1.4
                0x0800d5a8        0x9 CMakeFiles/FlashRainbow.elf.dir/USB_DEVICE/App/usbd_desc.c.obj
 .rodata.USBD_HS_ManufacturerStrDescriptor.str1.4
                0x0800d5a8       0x19 CMakeFiles/FlashRainbow.elf.dir/USB_DEVICE/App/usbd_desc.c.obj
 .rodata.USBD_HS_ConfigStrDescriptor.str1.4
                0x0800d5a8        0xb CMakeFiles/FlashRainbow.elf.dir/USB_DEVICE/App/usbd_desc.c.obj
 .rodata.USBD_HS_InterfaceStrDescriptor.str1.4
                0x0800d5a8        0xe CMakeFiles/FlashRainbow.elf.dir/USB_DEVICE/App/usbd_desc.c.obj
 .rodata._ctype_
                0x0800d5a8      0x101 C:/PROGRA~2/ARMGNU~1/133167~1.3RE/bin/../lib/gcc/arm-none-eabi/13.3.1/thumb/v7e-m/nofp\libc.a(libc_a-ctype_.o)
                0x0800d5a8                _ctype_
 .rodata._svfprintf_r.str1.4
                0x0800d6a9       0x42 C:/PROGRA~2/ARMGNU~1/133167~1.3RE/bin/../lib/gcc/arm-none-eabi/13.3.1/thumb/v7e-m/nofp\libc.a(libc_a-svfprintf.o)
 *fill*         0x0800d6a9        0x3 
 .rodata.zeroes.0
                0x0800d6ac       0x10 C:/PROGRA~2/ARMGNU~1/133167~1.3RE/bin/../lib/gcc/arm-none-eabi/13.3.1/thumb/v7e-m/nofp\libc.a(libc_a-svfprintf.o)
 .rodata.blanks.1
                0x0800d6bc       0x10 C:/PROGRA~2/ARMGNU~1/133167~1.3RE/bin/../lib/gcc/arm-none-eabi/13.3.1/thumb/v7e-m/nofp\libc.a(libc_a-svfprintf.o)
 .rodata.str1.4
                0x0800d6cc       0x4c C:/PROGRA~2/ARMGNU~1/133167~1.3RE/bin/../lib/gcc/arm-none-eabi/13.3.1/thumb/v7e-m/nofp\libc.a(libc_a-locale.o)
 .rodata._dtoa_r.str1.4
                0x0800d6cc       0x81 C:/PROGRA~2/ARMGNU~1/133167~1.3RE/bin/../lib/gcc/arm-none-eabi/13.3.1/thumb/v7e-m/nofp\libc.a(libc_a-dtoa.o)
 .rodata.__multadd.str1.4
                0x0800d6cc       0x6e C:/PROGRA~2/ARMGNU~1/133167~1.3RE/bin/../lib/gcc/arm-none-eabi/13.3.1/thumb/v7e-m/nofp\libc.a(libc_a-mprec.o)
 .rodata.p05.0  0x0800d6cc        0xc C:/PROGRA~2/ARMGNU~1/133167~1.3RE/bin/../lib/gcc/arm-none-eabi/13.3.1/thumb/v7e-m/nofp\libc.a(libc_a-mprec.o)
 .rodata.__mprec_bigtens
                0x0800d6d8       0x28 C:/PROGRA~2/ARMGNU~1/133167~1.3RE/bin/../lib/gcc/arm-none-eabi/13.3.1/thumb/v7e-m/nofp\libc.a(libc_a-mprec.o)
                0x0800d6d8                __mprec_bigtens
 .rodata.__mprec_tens
                0x0800d700       0xc8 C:/PROGRA~2/ARMGNU~1/133167~1.3RE/bin/../lib/gcc/arm-none-eabi/13.3.1/thumb/v7e-m/nofp\libc.a(libc_a-mprec.o)
                0x0800d700                __mprec_tens
 .rodata.__assert_func.str1.4
                0x0800d7c8       0x43 C:/PROGRA~2/ARMGNU~1/133167~1.3RE/bin/../lib/gcc/arm-none-eabi/13.3.1/thumb/v7e-m/nofp\libc.a(libc_a-assert.o)
 .rodata._vfiprintf_r.str1.4
                0x0800d7c8       0x2f C:/PROGRA~2/ARMGNU~1/133167~1.3RE/bin/../lib/gcc/arm-none-eabi/13.3.1/thumb/v7e-m/nofp\libc.a(libc_a-vfiprintf.o)
 .rodata.zeroes.0
                0x0800d7c8       0x10 C:/PROGRA~2/ARMGNU~1/133167~1.3RE/bin/../lib/gcc/arm-none-eabi/13.3.1/thumb/v7e-m/nofp\libc.a(libc_a-vfiprintf.o)
 .rodata.blanks.1
                0x0800d7d8       0x10 C:/PROGRA~2/ARMGNU~1/133167~1.3RE/bin/../lib/gcc/arm-none-eabi/13.3.1/thumb/v7e-m/nofp\libc.a(libc_a-vfiprintf.o)
                0x0800d80c                        . = ALIGN (0x4)

.ARM.extab
 *(.ARM.extab* .gnu.linkonce.armextab.*)

.ARM            0x0800d7e8        0x8
                0x0800d7e8                        __exidx_start = .
 *(.ARM.exidx*)
 .ARM.exidx     0x0800d7e8        0x8 C:/PROGRA~2/ARMGNU~1/133167~1.3RE/bin/../lib/gcc/arm-none-eabi/13.3.1/thumb/v7e-m/nofp\libc.a(libc_a-strcmp.o)
 .ARM.exidx     0x0800d7f0        0x0 C:/PROGRA~2/ARMGNU~1/133167~1.3RE/bin/../lib/gcc/arm-none-eabi/13.3.1/thumb/v7e-m/nofp\libc.a(libc_a-strlen.o)
                                  0x8 (size before relaxing)
 .ARM.exidx     0x0800d7f0        0x0 C:/PROGRA~2/ARMGNU~1/133167~1.3RE/bin/../lib/gcc/arm-none-eabi/13.3.1/thumb/v7e-m/nofp\libc.a(libc_a-memchr.o)
                                  0x8 (size before relaxing)
 .ARM.exidx     0x0800d7f0        0x0 C:/PROGRA~2/ARMGNU~1/133167~1.3RE/bin/../lib/gcc/arm-none-eabi/13.3.1/thumb/v7e-m/nofp\libc.a(libc_a-memcpy.o)
                                  0x8 (size before relaxing)
                0x0800d7f0                        __exidx_end = .

.preinit_array  0x0800d7f0        0x0
                0x0800d7f0                        PROVIDE (__preinit_array_start = .)
 *(.preinit_array*)
                0x0800d7f0                        PROVIDE (__preinit_array_end = .)

.init_array     0x0800d7f0        0x8
                0x0800d7f0                        PROVIDE (__init_array_start = .)
 *(SORT_BY_NAME(.init_array.*))
 .init_array.00000
                0x0800d7f0        0x4 C:/PROGRA~2/ARMGNU~1/133167~1.3RE/bin/../lib/gcc/arm-none-eabi/13.3.1/thumb/v7e-m/nofp\libc.a(libc_a-__call_atexit.o)
 *(.init_array*)
 .init_array    0x0800d7f4        0x4 C:/PROGRA~2/ARMGNU~1/133167~1.3RE/bin/../lib/gcc/arm-none-eabi/13.3.1/thumb/v7e-m/nofp/crtbegin.o
                0x0800d7f8                        PROVIDE (__init_array_end = .)

.fini_array     0x0800d7f8        0x4
                0x0800d7f8                        PROVIDE (__fini_array_start = .)
 *(SORT_BY_NAME(.fini_array.*))
 *(.fini_array*)
 .fini_array    0x0800d7f8        0x4 C:/PROGRA~2/ARMGNU~1/133167~1.3RE/bin/../lib/gcc/arm-none-eabi/13.3.1/thumb/v7e-m/nofp/crtbegin.o
                0x0800d7fc                        PROVIDE (__fini_array_end = .)
                0x0800d7fc                        _sidata = LOADADDR (.data)

.rel.dyn        0x0800d7fc        0x0
 .rel.iplt      0x0800d7fc        0x0 C:/PROGRA~2/ARMGNU~1/133167~1.3RE/bin/../lib/gcc/arm-none-eabi/13.3.1/thumb/v7e-m/nofp/crtbegin.o

.data           0x24000000      0x7d4 load address 0x0800d7fc
                0x24000000                        . = ALIGN (0x4)
                0x24000000                        _sdata = .
 *(.data)
 *(.data*)
 .data.SystemD2Clock
                0x24000000        0x4 CMakeFiles/FlashRainbow.elf.dir/Core/Src/system_stm32h7xx.c.obj
                0x24000000                SystemD2Clock
 .data.SystemCoreClock
                0x24000004        0x4 CMakeFiles/FlashRainbow.elf.dir/Core/Src/system_stm32h7xx.c.obj
                0x24000004                SystemCoreClock
 .data.uwTickFreq
                0x24000008        0x1 CMakeFiles/FlashRainbow.elf.dir/Drivers/STM32H7xx_HAL_Driver/Src/stm32h7xx_hal.c.obj
                0x24000008                uwTickFreq
 *fill*         0x24000009        0x3 
 .data.uwTickPrio
                0x2400000c        0x4 CMakeFiles/FlashRainbow.elf.dir/Drivers/STM32H7xx_HAL_Driver/Src/stm32h7xx_hal.c.obj
                0x2400000c                uwTickPrio
 .data.USBD_CDC_CfgDesc
                0x24000010       0x43 CMakeFiles/FlashRainbow.elf.dir/Middlewares/ST/STM32_USB_Device_Library/Class/CDC/Src/usbd_cdc.c.obj
 *fill*         0x24000053        0x1 
 .data.USBD_CDC
                0x24000054       0x38 CMakeFiles/FlashRainbow.elf.dir/Middlewares/ST/STM32_USB_Device_Library/Class/CDC/Src/usbd_cdc.c.obj
                0x24000054                USBD_CDC
 .data.USBD_CDC_DeviceQualifierDesc
                0x2400008c        0xa CMakeFiles/FlashRainbow.elf.dir/Middlewares/ST/STM32_USB_Device_Library/Class/CDC/Src/usbd_cdc.c.obj
 *fill*         0x24000096        0x2 
 .data.USBD_Interface_fops_HS
                0x24000098       0x14 CMakeFiles/FlashRainbow.elf.dir/USB_DEVICE/App/usbd_cdc_if.c.obj
                0x24000098                USBD_Interface_fops_HS
 .data.USBD_StringSerial
                0x240000ac       0x1a CMakeFiles/FlashRainbow.elf.dir/USB_DEVICE/App/usbd_desc.c.obj
                0x240000ac                USBD_StringSerial
 *fill*         0x240000c6        0x2 
 .data.USBD_LangIDDesc
                0x240000c8        0x4 CMakeFiles/FlashRainbow.elf.dir/USB_DEVICE/App/usbd_desc.c.obj
                0x240000c8                USBD_LangIDDesc
 .data.USBD_HS_DeviceDesc
                0x240000cc       0x12 CMakeFiles/FlashRainbow.elf.dir/USB_DEVICE/App/usbd_desc.c.obj
                0x240000cc                USBD_HS_DeviceDesc
 *fill*         0x240000de        0x2 
 .data.HS_Desc  0x240000e0       0x20 CMakeFiles/FlashRainbow.elf.dir/USB_DEVICE/App/usbd_desc.c.obj
                0x240000e0                HS_Desc
 .data.__sglue  0x24000100        0xc C:/PROGRA~2/ARMGNU~1/133167~1.3RE/bin/../lib/gcc/arm-none-eabi/13.3.1/thumb/v7e-m/nofp\libc.a(libc_a-findfp.o)
                0x24000100                __sglue
 .data._impure_ptr
                0x2400010c        0x4 C:/PROGRA~2/ARMGNU~1/133167~1.3RE/bin/../lib/gcc/arm-none-eabi/13.3.1/thumb/v7e-m/nofp\libc.a(libc_a-impure.o)
                0x2400010c                _impure_ptr
 .data._impure_data
                0x24000110      0x140 C:/PROGRA~2/ARMGNU~1/133167~1.3RE/bin/../lib/gcc/arm-none-eabi/13.3.1/thumb/v7e-m/nofp\libc.a(libc_a-impure.o)
                0x24000110                _impure_data
 .data.__atexit_recursive_mutex
                0x24000250        0x4 C:/PROGRA~2/ARMGNU~1/133167~1.3RE/bin/../lib/gcc/arm-none-eabi/13.3.1/thumb/v7e-m/nofp\libc.a(libc_a-__call_atexit.o)
                0x24000250                __atexit_recursive_mutex
 .data.__malloc_sbrk_base
                0x24000254        0x4 C:/PROGRA~2/ARMGNU~1/133167~1.3RE/bin/../lib/gcc/arm-none-eabi/13.3.1/thumb/v7e-m/nofp\libc.a(libc_a-mallocr.o)
                0x24000254                __malloc_sbrk_base
 .data.__malloc_trim_threshold
                0x24000258        0x4 C:/PROGRA~2/ARMGNU~1/133167~1.3RE/bin/../lib/gcc/arm-none-eabi/13.3.1/thumb/v7e-m/nofp\libc.a(libc_a-mallocr.o)
                0x24000258                __malloc_trim_threshold
 *fill*         0x2400025c        0x4 
 .data.__malloc_av_
                0x24000260      0x408 C:/PROGRA~2/ARMGNU~1/133167~1.3RE/bin/../lib/gcc/arm-none-eabi/13.3.1/thumb/v7e-m/nofp\libc.a(libc_a-mallocr.o)
                0x24000260                __malloc_av_
 .data.__global_locale