Archive member included to satisfy reference by file (symbol)

C:/Users/alice/133167~1.3RE/bin/../lib/gcc/arm-none-eabi/13.3.1/thumb/v7e-m/nofp\libgcc.a(_arm_mulsf3.o)
                              CMakeFiles/FlashRainbow.elf.dir/Core/Src/system_stm32h7xx.c.obj (__aeabi_fmul)
C:/Users/alice/133167~1.3RE/bin/../lib/gcc/arm-none-eabi/13.3.1/thumb/v7e-m/nofp\libgcc.a(_arm_addsubsf3.o)
                              CMakeFiles/FlashRainbow.elf.dir/Core/Src/system_stm32h7xx.c.obj (__aeabi_fadd)
C:/Users/alice/133167~1.3RE/bin/../lib/gcc/arm-none-eabi/13.3.1/thumb/v7e-m/nofp\libgcc.a(_arm_muldivsf3.o)
                              CMakeFiles/FlashRainbow.elf.dir/Core/Src/system_stm32h7xx.c.obj (__aeabi_fdiv)
C:/Users/alice/133167~1.3RE/bin/../lib/gcc/arm-none-eabi/13.3.1/thumb/v7e-m/nofp\libgcc.a(_arm_fixunssfsi.o)
                              CMakeFiles/FlashRainbow.elf.dir/Core/Src/system_stm32h7xx.c.obj (__aeabi_f2uiz)
C:/Users/alice/133167~1.3RE/bin/../lib/gcc/arm-none-eabi/13.3.1/thumb/v7e-m/nofp\libg.a(libc_a-exit.o)
                              C:/Users/alice/133167~1.3RE/bin/../lib/gcc/arm-none-eabi/13.3.1/thumb/v7e-m/nofp/crt0.o (exit)
C:/Users/alice/133167~1.3RE/bin/../lib/gcc/arm-none-eabi/13.3.1/thumb/v7e-m/nofp\libg.a(libc_a-findfp.o)
                              C:/Users/alice/133167~1.3RE/bin/../lib/gcc/arm-none-eabi/13.3.1/thumb/v7e-m/nofp\libg.a(libc_a-exit.o) (__stdio_exit_handler)
C:/Users/alice/133167~1.3RE/bin/../lib/gcc/arm-none-eabi/13.3.1/thumb/v7e-m/nofp\libg.a(libc_a-fwalk.o)
                              C:/Users/alice/133167~1.3RE/bin/../lib/gcc/arm-none-eabi/13.3.1/thumb/v7e-m/nofp\libg.a(libc_a-findfp.o) (_fwalk_sglue)
C:/Users/alice/133167~1.3RE/bin/../lib/gcc/arm-none-eabi/13.3.1/thumb/v7e-m/nofp\libg.a(libc_a-stdio.o)
                              C:/Users/alice/133167~1.3RE/bin/../lib/gcc/arm-none-eabi/13.3.1/thumb/v7e-m/nofp\libg.a(libc_a-findfp.o) (__sread)
C:/Users/alice/133167~1.3RE/bin/../lib/gcc/arm-none-eabi/13.3.1/thumb/v7e-m/nofp\libg.a(libc_a-memset.o)
                              C:/Users/alice/133167~1.3RE/bin/../lib/gcc/arm-none-eabi/13.3.1/thumb/v7e-m/nofp/crt0.o (memset)
C:/Users/alice/133167~1.3RE/bin/../lib/gcc/arm-none-eabi/13.3.1/thumb/v7e-m/nofp\libg.a(libc_a-closer.o)
                              C:/Users/alice/133167~1.3RE/bin/../lib/gcc/arm-none-eabi/13.3.1/thumb/v7e-m/nofp\libg.a(libc_a-stdio.o) (_close_r)
C:/Users/alice/133167~1.3RE/bin/../lib/gcc/arm-none-eabi/13.3.1/thumb/v7e-m/nofp\libg.a(libc_a-reent.o)
                              C:/Users/alice/133167~1.3RE/bin/../lib/gcc/arm-none-eabi/13.3.1/thumb/v7e-m/nofp\libg.a(libc_a-closer.o) (errno)
C:/Users/alice/133167~1.3RE/bin/../lib/gcc/arm-none-eabi/13.3.1/thumb/v7e-m/nofp\libg.a(libc_a-impure.o)
                              C:/Users/alice/133167~1.3RE/bin/../lib/gcc/arm-none-eabi/13.3.1/thumb/v7e-m/nofp\libg.a(libc_a-reent.o) (_impure_ptr)
C:/Users/alice/133167~1.3RE/bin/../lib/gcc/arm-none-eabi/13.3.1/thumb/v7e-m/nofp\libg.a(libc_a-lseekr.o)
                              C:/Users/alice/133167~1.3RE/bin/../lib/gcc/arm-none-eabi/13.3.1/thumb/v7e-m/nofp\libg.a(libc_a-stdio.o) (_lseek_r)
C:/Users/alice/133167~1.3RE/bin/../lib/gcc/arm-none-eabi/13.3.1/thumb/v7e-m/nofp\libg.a(libc_a-readr.o)
                              C:/Users/alice/133167~1.3RE/bin/../lib/gcc/arm-none-eabi/13.3.1/thumb/v7e-m/nofp\libg.a(libc_a-stdio.o) (_read_r)
C:/Users/alice/133167~1.3RE/bin/../lib/gcc/arm-none-eabi/13.3.1/thumb/v7e-m/nofp\libg.a(libc_a-writer.o)
                              C:/Users/alice/133167~1.3RE/bin/../lib/gcc/arm-none-eabi/13.3.1/thumb/v7e-m/nofp\libg.a(libc_a-stdio.o) (_write_r)
C:/Users/alice/133167~1.3RE/bin/../lib/gcc/arm-none-eabi/13.3.1/thumb/v7e-m/nofp\libg.a(libc_a-errno.o)
                              CMakeFiles/FlashRainbow.elf.dir/Core/Src/syscalls.c.obj (__errno)
C:/Users/alice/133167~1.3RE/bin/../lib/gcc/arm-none-eabi/13.3.1/thumb/v7e-m/nofp\libg.a(libc_a-init.o)
                              C:/Users/alice/133167~1.3RE/bin/../lib/gcc/arm-none-eabi/13.3.1/thumb/v7e-m/nofp/crt0.o (__libc_init_array)
C:/Users/alice/133167~1.3RE/bin/../lib/gcc/arm-none-eabi/13.3.1/thumb/v7e-m/nofp\libg.a(libc_a-lock.o)
                              C:/Users/alice/133167~1.3RE/bin/../lib/gcc/arm-none-eabi/13.3.1/thumb/v7e-m/nofp\libg.a(libc_a-findfp.o) (__retarget_lock_init_recursive)
C:/Users/alice/133167~1.3RE/bin/../lib/gcc/arm-none-eabi/13.3.1/thumb/v7e-m/nofp\libg.a(libc_a-__call_atexit.o)
                              C:/Users/alice/133167~1.3RE/bin/../lib/gcc/arm-none-eabi/13.3.1/thumb/v7e-m/nofp\libg.a(libc_a-exit.o) (__call_exitprocs)
C:/Users/alice/133167~1.3RE/bin/../lib/gcc/arm-none-eabi/13.3.1/thumb/v7e-m/nofp\libg.a(libc_a-atexit.o)
                              C:/Users/alice/133167~1.3RE/bin/../lib/gcc/arm-none-eabi/13.3.1/thumb/v7e-m/nofp\libg.a(libc_a-__call_atexit.o) (atexit)
C:/Users/alice/133167~1.3RE/bin/../lib/gcc/arm-none-eabi/13.3.1/thumb/v7e-m/nofp\libg.a(libc_a-freer.o)
[...]
Memory Configuration

Name             Origin             Length             Attributes
ITCMRAM          0x00000000         0x00010000         xrw
DTCMRAM          0x20000000         0x00020000         xrw
FLASH            0x08000000         0x00100000         xr
RAM_D1           0x24000000         0x00050000         xrw
RAM_D2           0x30000000         0x00008000         xrw
RAM_D3           0x38000000         0x00004000         xrw
*default*        0x00000000         0xffffffff

Linker script and memory map

LOAD C:/Users/alice/133167~1.3RE/bin/../lib/gcc/arm-none-eabi/13.3.1/thumb/v7e-m/nofp/crti.o
LOAD C:/Users/alice/133167~1.3RE/bin/../lib/gcc/arm-none-eabi/13.3.1/thumb/v7e-m/nofp/crtbegin.o
LOAD C:/Users/alice/133167~1.3RE/bin/../lib/gcc/arm-none-eabi/13.3.1/thumb/v7e-m/nofp/crt0.o
LOAD CMakeFiles/FlashRainbow.elf.dir/Core/Src/gpio.c.obj
LOAD CMakeFiles/FlashRainbow.elf.dir/Core/Src/main.c.obj
LOAD CMakeFiles/FlashRainbow.elf.dir/Core/Src/memorymap.c.obj
LOAD CMakeFiles/FlashRainbow.elf.dir/Core/Src/stm32h7xx_hal_msp.c.obj
LOAD CMakeFiles/FlashRainbow.elf.dir/Core/Src/stm32h7xx_it.c.obj
LOAD CMakeFiles/FlashRainbow.elf.dir/Core/Src/syscalls.c.obj
LOAD CMakeFiles/FlashRainbow.elf.dir/Core/Src/sysmem.c.obj
LOAD CMakeFiles/FlashRainbow.elf.dir/Core/Src/system_stm32h7xx.c.obj
LOAD CMakeFiles/FlashRainbow.elf.dir/Core/Startup/startup_stm32h723vgtx.s.obj
LOAD CMakeFiles/FlashRainbow.elf.dir/Drivers/STM32H7xx_HAL_Driver/Src/stm32h7xx_hal.c.obj
LOAD CMakeFiles/FlashRainbow.elf.dir/Drivers/STM32H7xx_HAL_Driver/Src/stm32h7xx_hal_cortex.c.obj
LOAD CMakeFiles/FlashRainbow.elf.dir/Drivers/STM32H7xx_HAL_Driver/Src/stm32h7xx_hal_dma.c.obj
LOAD CMakeFiles/FlashRainbow.elf.dir/Drivers/STM32H7xx_HAL_Driver/Src/stm32h7xx_hal_dma_ex.c.obj
LOAD CMakeFiles/FlashRainbow.elf.dir/Drivers/STM32H7xx_HAL_Driver/Src/stm32h7xx_hal_exti.c.obj
LOAD CMakeFiles/FlashRainbow.elf.dir/Drivers/STM32H7xx_HAL_Driver/Src/stm32h7xx_hal_flash.c.obj
LOAD CMakeFiles/FlashRainbow.elf.dir/Drivers/STM32H7xx_HAL_Driver/Src/stm32h7xx_hal_flash_ex.c.obj
LOAD CMakeFiles/FlashRainbow.elf.dir/Drivers/STM32H7xx_HAL_Driver/Src/stm32h7xx_hal_gpio.c.obj
LOAD CMakeFiles/FlashRainbow.elf.dir/Drivers/STM32H7xx_HAL_Driver/Src/stm32h7xx_hal_hsem.c.obj
LOAD CMakeFiles/FlashRainbow.elf.dir/Drivers/STM32H7xx_HAL_Driver/Src/stm32h7xx_hal_i2c.c.obj
LOAD CMakeFiles/FlashRainbow.elf.dir/Drivers/STM32H7xx_HAL_Driver/Src/stm32h7xx_hal_i2c_ex.c.obj
LOAD CMakeFiles/FlashRainbow.elf.dir/Drivers/STM32H7xx_HAL_Driver/Src/stm32h7xx_hal_mdma.c.obj
LOAD CMakeFiles/FlashRainbow.elf.dir/Drivers/STM32H7xx_HAL_Driver/Src/stm32h7xx_hal_pwr.c.obj
LOAD CMakeFiles/FlashRainbow.elf.dir/Drivers/STM32H7xx_HAL_Driver/Src/stm32h7xx_hal_pwr_ex.c.obj
LOAD CMakeFiles/FlashRainbow.elf.dir/Drivers/STM32H7xx_HAL_Driver/Src/stm32h7xx_hal_rcc.c.obj
LOAD CMakeFiles/FlashRainbow.elf.dir/Drivers/STM32H7xx_HAL_Driver/Src/stm32h7xx_hal_rcc_ex.c.obj
START GROUP
LOAD C:/Users/alice/133167~1.3RE/bin/../lib/gcc/arm-none-eabi/13.3.1/thumb/v7e-m/nofp\libgcc.a
LOAD C:/Users/alice/133167~1.3RE/bin/../lib/gcc/arm-none-eabi/13.3.1/thumb/v7e-m/nofp\libg.a
LOAD C:/Users/alice/133167~1.3RE/bin/../lib/gcc/arm-none-eabi/13.3.1/thumb/v7e-m/nofp\libc.a
END GROUP
LOAD C:/Users/alice/133167~1.3RE/bin/../lib/gcc/arm-none-eabi/13.3.1/thumb/v7e-m/nofp/crtend.o
LOAD C:/Users/alice/133167~1.3RE/bin/../lib/gcc/arm-none-eabi/13.3.1/thumb/v7e-m/nofp/crtn.o
                0x24050000                        _estack = (ORIGIN (RAM_D1) + LENGTH (RAM_D1))
                0x00000200                        _Min_Heap_Size = 0x200
                0x00000400                        _Min_Stack_Size = 0x400

.isr_vector     0x08000000      0x2cc
                0x08000000                        . = ALIGN (0x4)
 *(.isr_vector)
 .isr_vector    0x08000000      0x2cc CMakeFiles/FlashRainbow.elf.dir/Core/Startup/startup_stm32h723vgtx.s.obj
                0x08000000                g_pfnVectors
                0x080002cc                        . = ALIGN (0x4)

.text           0x080002cc     0x1a30
                0x080002cc                        . = ALIGN (0x4)
 *(.text)
 .text          0x080002cc      0x21c C:/Users/alice/133167~1.3RE/bin/../lib/gcc/arm-none-eabi/13.3.1/thumb/v7e-m/nofp\libgcc.a(_arm_addsubsf3.o)
                0x080002cc                __aeabi_frsub
                0x080002d4                __subsf3
                0x080002d4                __aeabi_fsub
                0x080002d8                __aeabi_fadd
                0x080002d8                __addsf3
                0x08000438                __aeabi_ui2f
                0x08000438                __floatunsisf
                0x08000440                __aeabi_i2f
                0x08000440                __floatsisf
                0x0800045c                __aeabi_ul2f
                0x0800045c                __floatundisf
                0x0800046c                __aeabi_l2f
                0x0800046c                __floatdisf
 .text          0x080004e8      0x2a0 C:/Users/alice/133167~1.3RE/bin/../lib/gcc/arm-none-eabi/13.3.1/thumb/v7e-m/nofp\libgcc.a(_arm_muldivsf3.o)
                0x080004e8                __mulsf3
                0x080004e8                __aeabi_fmul
                0x08000650                __aeabi_fdiv
                0x08000650                __divsf3
 .text          0x08000788       0x40 C:/Users/alice/133167~1.3RE/bin/../lib/gcc/arm-none-eabi/13.3.1/thumb/v7e-m/nofp\libgcc.a(_arm_fixunssfsi.o)
                0x08000788                __fixunssfsi
                0x08000788                __aeabi_f2uiz
 *(.text*)
 .text.deregister_tm_clones
                0x080007c8       0x1c C:/Users/alice/133167~1.3RE/bin/../lib/gcc/arm-none-eabi/13.3.1/thumb/v7e-m/nofp/crtbegin.o
 .text.register_tm_clones
                0x080007e4       0x24 C:/Users/alice/133167~1.3RE/bin/../lib/gcc/arm-none-eabi/13.3.1/thumb/v7e-m/nofp/crtbegin.o
 .text.__do_global_dtors_aux
                0x08000808       0x28 C:/Users/alice/133167~1.3RE/bin/../lib/gcc/arm-none-eabi/13.3.1/thumb/v7e-m/nofp/crtbegin.o
 .text.frame_dummy
                0x08000830       0x24 C:/Users/alice/133167~1.3RE/bin/../lib/gcc/arm-none-eabi/13.3.1/thumb/v7e-m/nofp/crtbegin.o
 .text.MX_GPIO_Init
                0x08000854       0x9c CMakeFiles/FlashRainbow.elf.dir/Core/Src/gpio.c.obj
                0x08000854                MX_GPIO_Init
 .text.MPU_Config
                0x080008f0       0x52 CMakeFiles/FlashRainbow.elf.dir/Core/Src/main.c.obj
 .text.Error_Handler
                0x08000942        0x4 CMakeFiles/FlashRainbow.elf.dir/Core/Src/main.c.obj
                0x08000942                Error_Handler
 *fill*         0x08000946        0x2 
 .text.SystemClock_Config
                0x08000948       0x8c CMakeFiles/FlashRainbow.elf.dir/Core/Src/main.c.obj
                0x08000948                SystemClock_Config
 .text.main     0x080009d4       0x44 CMakeFiles/FlashRainbow.elf.dir/Core/Src/main.c.obj
                0x080009d4                main
 .text.HAL_MspInit
                0x08000a18       0x24 CMakeFiles/FlashRainbow.elf.dir/Core/Src/stm32h7xx_hal_msp.c.obj
                0x08000a18                HAL_MspInit
 .text.NMI_Handler
                0x08000a3c        0x2 CMakeFiles/FlashRainbow.elf.dir/Core/Src/stm32h7xx_it.c.obj
                0x08000a3c                NMI_Handler
 .text.HardFault_Handler
                0x08000a3e        0x2 CMakeFiles/FlashRainbow.elf.dir/Core/Src/stm32h7xx_it.c.obj
                0x08000a3e                HardFault_Handler
 .text.MemManage_Handler
                0x08000a40        0x2 CMakeFiles/FlashRainbow.elf.dir/Core/Src/stm32h7xx_it.c.obj
                0x08000a40                MemManage_Handler
 .text.BusFault_Handler
                0x08000a42        0x2 CMakeFiles/FlashRainbow.elf.dir/Core/Src/stm32h7xx_it.c.obj
                0x08000a42                BusFault_Handler
 .text.UsageFault_Handler
                0x08000a44        0x2 CMakeFiles/FlashRainbow.elf.dir/Core/Src/stm32h7xx_it.c.obj
                0x08000a44                UsageFault_Handler
 .text.SVC_Handler
                0x08000a46        0x2 CMakeFiles/FlashRainbow.elf.dir/Core/Src/stm32h7xx_it.c.obj
                0x08000a46                SVC_Handler
 .text.DebugMon_Handler
                0x08000a48        0x2 CMakeFiles/FlashRainbow.elf.dir/Core/Src/stm32h7xx_it.c.obj
                0x08000a48                DebugMon_Handler
 .text.PendSV_Handler
                0x08000a4a        0x2 CMakeFiles/FlashRainbow.elf.dir/Core/Src/stm32h7xx_it.c.obj
                0x08000a4a                PendSV_Handler
 .text.SysTick_Handler
                0x08000a4c        0x8 CMakeFiles/FlashRainbow.elf.dir/Core/Src/stm32h7xx_it.c.obj
                0x08000a4c                SysTick_Handler
 .text.SystemInit
                0x08000a54       0xbc CMakeFiles/FlashRainbow.elf.dir/Core/Src/system_stm32h7xx.c.obj
                0x08000a54                SystemInit
 .text.ExitRun0Mode
                0x08000b10       0x1c CMakeFiles/FlashRainbow.elf.dir/Core/Src/system_stm32h7xx.c.obj
                0x08000b10                ExitRun0Mode
 .text.Reset_Handler
                0x08000b2c       0x54 CMakeFiles/FlashRainbow.elf.dir/Core/Startup/startup_stm32h723vgtx.s.obj
                0x08000b2c                Reset_Handler
 .text.Default_Handler
                0x08000b80        0x2 CMakeFiles/FlashRainbow.elf.dir/Core/Startup/startup_stm32h723vgtx.s.obj
                0x08000b80                RTC_Alarm_IRQHandler
                0x08000b80                EXTI2_IRQHandler
                0x08000b80                TIM8_CC_IRQHandler
                0x08000b80                UART8_IRQHandler
                0x08000b80                SPI4_IRQHandler
                0x08000b80                FDCAN3_IT0_IRQHandler
                0x08000b80                TIM1_CC_IRQHandler
                0x08000b80                BDMA_Channel6_IRQHandler
                0x08000b80                DMA2_Stream5_IRQHandler
                0x08000b80                DMA1_Stream5_IRQHandler
                0x08000b80                CORDIC_IRQHandler
                0x08000b80                BDMA_Channel1_IRQHandler
                0x08000b80                TAMP_STAMP_IRQHandler
                0x08000b80                EXTI3_IRQHandler
                0x08000b80                LPTIM4_IRQHandler
                0x08000b80                TIM8_TRG_COM_TIM14_IRQHandler
                0x08000b80                LPTIM2_IRQHandler
                0x08000b80                DFSDM1_FLT1_IRQHandler
                0x08000b80                DMAMUX2_OVR_IRQHandler
                0x08000b80                TIM8_UP_TIM13_IRQHandler
                0x08000b80                I2C3_ER_IRQHandler
                0x08000b80                DFSDM1_FLT2_IRQHandler
                0x08000b80                I2C5_EV_IRQHandler
                0x08000b80                USART10_IRQHandler
                0x08000b80                MDMA_IRQHandler
                0x08000b80                LPTIM3_IRQHandler
                0x08000b80                HSEM1_IRQHandler
                0x08000b80                EXTI0_IRQHandler
                0x08000b80                I2C2_EV_IRQHandler
                0x08000b80                DMA1_Stream2_IRQHandler
                0x08000b80                FPU_IRQHandler
                0x08000b80                OTG_HS_WKUP_IRQHandler
                0x08000b80                FDCAN1_IT1_IRQHandler
                0x08000b80                LTDC_ER_IRQHandler
                0x08000b80                DMA2_Stream2_IRQHandler
                0x08000b80                SPI1_IRQHandler
                0x08000b80                OCTOSPI1_IRQHandler
                0x08000b80                TIM6_DAC_IRQHandler
                0x08000b80                DMA2_Stream3_IRQHandler
                0x08000b80                OCTOSPI2_IRQHandler
                0x08000b80                DFSDM1_FLT3_IRQHandler
                0x08000b80                TIM23_IRQHandler
                0x08000b80                USART6_IRQHandler
                0x08000b80                TIM17_IRQHandler
                0x08000b80                USART3_IRQHandler
                0x08000b80                BDMA_Channel7_IRQHandler
                0x08000b80                LPTIM5_IRQHandler
                0x08000b80                UART5_IRQHandler
                0x08000b80                ADC3_IRQHandler
                0x08000b80                DMA2_Stream0_IRQHandler
                0x08000b80                TIM4_IRQHandler
                0x08000b80                BDMA_Channel2_IRQHandler
                0x08000b80                I2C1_EV_IRQHandler
                0x08000b80                DMA1_Stream6_IRQHandler
                0x08000b80                DMAMUX1_OVR_IRQHandler
                0x08000b80                DMA1_Stream1_IRQHandler
                0x08000b80                TIM16_IRQHandler
                0x08000b80                UART4_IRQHandler
                0x08000b80                BDMA_Channel5_IRQHandler
                0x08000b80                TIM3_IRQHandler
                0x08000b80                RCC_IRQHandler
                0x08000b80                UART9_IRQHandler
                0x08000b80                TIM8_BRK_TIM12_IRQHandler
                0x08000b80                TIM1_TRG_COM_IRQHandler
                0x08000b80                Default_Handler
                0x08000b80                ECC_IRQHandler
                0x08000b80                FMAC_IRQHandler
                0x08000b80                CEC_IRQHandler
                0x08000b80                EXTI15_10_IRQHandler
                0x08000b80                BDMA_Channel0_IRQHandler
                0x08000b80                ADC_IRQHandler
                0x08000b80                I2C5_ER_IRQHandler
                0x08000b80                DMA1_Stream7_IRQHandler
                0x08000b80                SPI5_IRQHandler
                0x08000b80                TIM7_IRQHandler
                0x08000b80                FDCAN3_IT1_IRQHandler
                0x08000b80                SDMMC1_IRQHandler
                0x08000b80                TIM5_IRQHandler
                0x08000b80                DMA2_Stream7_IRQHandler
                0x08000b80                TIM15_IRQHandler
                0x08000b80                PVD_AVD_IRQHandler
                0x08000b80                I2C3_EV_IRQHandler
                0x08000b80                EXTI9_5_IRQHandler
                0x08000b80                RTC_WKUP_IRQHandler
                0x08000b80                LTDC_IRQHandler
                0x08000b80                ETH_WKUP_IRQHandler
                0x08000b80                SPDIF_RX_IRQHandler
                0x08000b80                SPI2_IRQHandler
                0x08000b80                OTG_HS_EP1_IN_IRQHandler
                0x08000b80                DMA1_Stream0_IRQHandler
                0x08000b80                TIM24_IRQHandler
                0x08000b80                CRS_IRQHandler
                0x08000b80                EXTI4_IRQHandler
                0x08000b80                RNG_IRQHandler
                0x08000b80                FDCAN2_IT1_IRQHandler
                0x08000b80                ETH_IRQHandler
                0x08000b80                TIM1_UP_IRQHandler
                0x08000b80                BDMA_Channel4_IRQHandler
                0x08000b80                OTG_HS_EP1_OUT_IRQHandler
                0x08000b80                WWDG_IRQHandler
                0x08000b80                SPI6_IRQHandler
                0x08000b80                MDIOS_IRQHandler
                0x08000b80                I2C4_EV_IRQHandler
                0x08000b80                FDCAN2_IT0_IRQHandler
                0x08000b80                LPUART1_IRQHandler
                0x08000b80                FDCAN1_IT0_IRQHandler
                0x08000b80                TIM2_IRQHandler
                0x08000b80                OTG_HS_IRQHandler
                0x08000b80                DMA2D_IRQHandler
                0x08000b80                TIM1_BRK_IRQHandler
                0x08000b80                EXTI1_IRQHandler
                0x08000b80                SDMMC2_IRQHandler
                0x08000b80                BDMA_Channel3_IRQHandler
                0x08000b80                DTS_IRQHandler
                0x08000b80                UART7_IRQHandler
                0x08000b80                MDIOS_WKUP_IRQHandler
                0x08000b80                USART2_IRQHandler
                0x08000b80                DFSDM1_FLT0_IRQHandler
                0x08000b80                SAI4_IRQHandler
                0x08000b80                I2C2_ER_IRQHandler
                0x08000b80                DMA2_Stream1_IRQHandler
                0x08000b80                FLASH_IRQHandler
                0x08000b80                DMA2_Stream4_IRQHandler
                0x08000b80                USART1_IRQHandler
                0x08000b80                SPI3_IRQHandler
                0x08000b80                WAKEUP_PIN_IRQHandler
                0x08000b80                DMA1_Stream4_IRQHandler
                0x08000b80                I2C1_ER_IRQHandler
                0x08000b80                FMC_IRQHandler
                0x08000b80                FDCAN_CAL_IRQHandler
                0x08000b80                SWPMI1_IRQHandler
                0x08000b80                COMP1_IRQHandler
                0x08000b80                LPTIM1_IRQHandler
                0x08000b80                DCMI_PSSI_IRQHandler
                0x08000b80                I2C4_ER_IRQHandler
                0x08000b80                DMA2_Stream6_IRQHandler
                0x08000b80                SAI1_IRQHandler
                0x08000b80                DMA1_Stream3_IRQHandler
 *fill*         0x08000b82        0x2 
 .text.HAL_InitTick
                0x08000b84       0x50 CMakeFiles/FlashRainbow.elf.dir/Drivers/STM32H7xx_HAL_Driver/Src/stm32h7xx_hal.c.obj
                0x08000b84                HAL_InitTick
 .text.HAL_Init
                0x08000bd4       0x5c CMakeFiles/FlashRainbow.elf.dir/Drivers/STM32H7xx_HAL_Driver/Src/stm32h7xx_hal.c.obj
                0x08000bd4                HAL_Init
 .text.HAL_IncTick
                0x08000c30       0x18 CMakeFiles/FlashRainbow.elf.dir/Drivers/STM32H7xx_HAL_Driver/Src/stm32h7xx_hal.c.obj
                0x08000c30                HAL_IncTick
 .text.HAL_GetTick
                0x08000c48        0xc CMakeFiles/FlashRainbow.elf.dir/Drivers/STM32H7xx_HAL_Driver/Src/stm32h7xx_hal.c.obj
                0x08000c48                HAL_GetTick
 .text.HAL_Delay
                0x08000c54       0x28 CMakeFiles/FlashRainbow.elf.dir/Drivers/STM32H7xx_HAL_Driver/Src/stm32h7xx_hal.c.obj
                0x08000c54                HAL_Delay
 .text.HAL_SYSCFG_AnalogSwitchConfig
                0x08000c7c       0x14 CMakeFiles/FlashRainbow.elf.dir/Drivers/STM32H7xx_HAL_Driver/Src/stm32h7xx_hal.c.obj
                0x08000c7c                HAL_SYSCFG_AnalogSwitchConfig
 .text.__NVIC_SetPriority
                0x08000c90       0x24 CMakeFiles/FlashRainbow.elf.dir/Drivers/STM32H7xx_HAL_Driver/Src/stm32h7xx_hal_cortex.c.obj
 .text.NVIC_EncodePriority
                0x08000cb4       0x3e CMakeFiles/FlashRainbow.elf.dir/Drivers/STM32H7xx_HAL_Driver/Src/stm32h7xx_hal_cortex.c.obj
 *fill*         0x08000cf2        0x2 
 .text.HAL_NVIC_SetPriorityGrouping
                0x08000cf4       0x24 CMakeFiles/FlashRainbow.elf.dir/Drivers/STM32H7xx_HAL_Driver/Src/stm32h7xx_hal_cortex.c.obj
                0x08000cf4                HAL_NVIC_SetPriorityGrouping
 .text.HAL_NVIC_SetPriority
                0x08000d18       0x20 CMakeFiles/FlashRainbow.elf.dir/Drivers/STM32H7xx_HAL_Driver/Src/stm32h7xx_hal_cortex.c.obj
                0x08000d18                HAL_NVIC_SetPriority
 .text.HAL_SYSTICK_Config
                0x08000d38       0x28 CMakeFiles/FlashRainbow.elf.dir/Drivers/STM32H7xx_HAL_Driver/Src/stm32h7xx_hal_cortex.c.obj
                0x08000d38                HAL_SYSTICK_Config
 .text.HAL_MPU_Disable
                0x08000d60       0x1c CMakeFiles/FlashRainbow.elf.dir/Drivers/STM32H7xx_HAL_Driver/Src/stm32h7xx_hal_cortex.c.obj
                0x08000d60                HAL_MPU_Disable
 .text.HAL_MPU_Enable
                0x08000d7c       0x20 CMakeFiles/FlashRainbow.elf.dir/Drivers/STM32H7xx_HAL_Driver/Src/stm32h7xx_hal_cortex.c.obj
                0x08000d7c                HAL_MPU_Enable
 .text.HAL_MPU_ConfigRegion
                0x08000d9c       0x58 CMakeFiles/FlashRainbow.elf.dir/Drivers/STM32H7xx_HAL_Driver/Src/stm32h7xx_hal_cortex.c.obj
                0x08000d9c                HAL_MPU_ConfigRegion
 .text.HAL_GPIO_Init
                0x08000df4      0x21c CMakeFiles/FlashRainbow.elf.dir/Drivers/STM32H7xx_HAL_Driver/Src/stm32h7xx_hal_gpio.c.obj
                0x08000df4                HAL_GPIO_Init
 .text.HAL_GPIO_WritePin
                0x08001010        0xc CMakeFiles/FlashRainbow.elf.dir/Drivers/STM32H7xx_HAL_Driver/Src/stm32h7xx_hal_gpio.c.obj
                0x08001010                HAL_GPIO_WritePin
 .text.HAL_GPIO_TogglePin
                0x0800101c       0x12 CMakeFiles/FlashRainbow.elf.dir/Drivers/STM32H7xx_HAL_Driver/Src/stm32h7xx_hal_gpio.c.obj
                0x0800101c                HAL_GPIO_TogglePin
 *fill*         0x0800102e        0x2 
 .text.HAL_PWREx_ConfigSupply
                0x08001030       0x54 CMakeFiles/FlashRainbow.elf.dir/Drivers/STM32H7xx_HAL_Driver/Src/stm32h7xx_hal_pwr_ex.c.obj
                0x08001030                HAL_PWREx_ConfigSupply
 .text.HAL_RCC_OscConfig
                0x08001084      0x5e4 CMakeFiles/FlashRainbow.elf.dir/Drivers/STM32H7xx_HAL_Driver/Src/stm32h7xx_hal_rcc.c.obj
                0x08001084                HAL_RCC_OscConfig
 .text.HAL_RCC_GetSysClockFreq
                0x08001668      0x224 CMakeFiles/FlashRainbow.elf.dir/Drivers/STM32H7xx_HAL_Driver/Src/stm32h7xx_hal_rcc.c.obj
                0x08001668                HAL_RCC_GetSysClockFreq
 .text.HAL_RCC_ClockConfig
                0x0800188c      0x294 CMakeFiles/FlashRainbow.elf.dir/Drivers/STM32H7xx_HAL_Driver/Src/stm32h7xx_hal_rcc.c.obj
                0x0800188c                HAL_RCC_ClockConfig
 .text.memset   0x08001b20       0xa4 C:/Users/alice/133167~1.3RE/bin/../lib/gcc/arm-none-eabi/13.3.1/thumb/v7e-m/nofp\libg.a(libc_a-memset.o)
                0x08001b20                memset
 .text.__libc_init_array
                0x08001bc4       0x50 C:/Users/alice/133167~1.3RE/bin/../lib/gcc/arm-none-eabi/13.3.1/thumb/v7e-m/nofp\libg.a(libc_a-init.o)
                0x08001bc4                __libc_init_array
 .text.__retarget_lock_acquire_recursive
                0x08001c14        0x4 C:/Users/alice/133167~1.3RE/bin/../lib/gcc/arm-none-eabi/13.3.1/thumb/v7e-m/nofp\libg.a(libc_a-lock.o)
                0x08001c14                __retarget_lock_acquire_recursive
 .text.__retarget_lock_release_recursive
                0x08001c18        0x4 C:/Users/alice/133167~1.3RE/bin/../lib/gcc/arm-none-eabi/13.3.1/thumb/v7e-m/nofp\libg.a(libc_a-lock.o)
                0x08001c18                __retarget_lock_release_recursive
 .text.startup.register_fini
                0x08001c1c       0x14 C:/Users/alice/133167~1.3RE/bin/../lib/gcc/arm-none-eabi/13.3.1/thumb/v7e-m/nofp\libg.a(libc_a-__call_atexit.o)
 .text.atexit   0x08001c30        0xc C:/Users/alice/133167~1.3RE/bin/../lib/gcc/arm-none-eabi/13.3.1/thumb/v7e-m/nofp\libg.a(libc_a-atexit.o)
                0x08001c30                atexit
 .text.__libc_fini_array
                0x08001c3c       0x28 C:/Users/alice/133167~1.3RE/bin/../lib/gcc/arm-none-eabi/13.3.1/thumb/v7e-m/nofp\libg.a(libc_a-fini.o)
                0x08001c3c                __libc_fini_array
 .text.__register_exitproc
                0x08001c64       0x80 C:/Users/alice/133167~1.3RE/bin/../lib/gcc/arm-none-eabi/13.3.1/thumb/v7e-m/nofp\libg.a(libc_a-__atexit.o)
                0x08001c64                __register_exitproc
 *(.glue_7)
 .glue_7        0x08001ce4        0x0 linker stubs
 *(.glue_7t)
 .glue_7t       0x08001ce4        0x0 linker stubs
 *(.eh_frame)
 .eh_frame      0x08001ce4        0x0 C:/Users/alice/133167~1.3RE/bin/../lib/gcc/arm-none-eabi/13.3.1/thumb/v7e-m/nofp/crtbegin.o
 *(.init)
 .init          0x08001ce4        0x4 C:/Users/alice/133167~1.3RE/bin/../lib/gcc/arm-none-eabi/13.3.1/thumb/v7e-m/nofp/crti.o
                0x08001ce4                _init
 .init          0x08001ce8        0x8 C:/Users/alice/133167~1.3RE/bin/../lib/gcc/arm-none-eabi/13.3.1/thumb/v7e-m/nofp/crtn.o
 *(.fini)
 .fini          0x08001cf0        0x4 C:/Users/alice/133167~1.3RE/bin/../lib/gcc/arm-none-eabi/13.3.1/thumb/v7e-m/nofp/crti.o
                0x08001cf0                _fini
 .fini          0x08001cf4        0x8 C:/Users/alice/133167~1.3RE/bin/../lib/gcc/arm-none-eabi/13.3.1/thumb/v7e-m/nofp/crtn.o
                0x08001cfc                        . = ALIGN (0x4)
                0x08001cfc                        _etext = .

.vfp11_veneer   0x08001cfc        0x0
 .vfp11_veneer  0x08001cfc        0x0 linker stubs

.v4_bx          0x08001cfc        0x0
 .v4_bx         0x08001cfc        0x0 linker stubs

.iplt           0x08001cfc        0x0
 .iplt          0x08001cfc        0x0 C:/Users/alice/133167~1.3RE/bin/../lib/gcc/arm-none-eabi/13.3.1/thumb/v7e-m/nofp/crtbegin.o

.rodata         0x08001cfc       0x10
                0x08001cfc                        . = ALIGN (0x4)
 *(.rodata)
 *(.rodata*)
 .rodata.D1CorePrescTable
                0x08001cfc       0x10 CMakeFiles/FlashRainbow.elf.dir/Core/Src/system_stm32h7xx.c.obj
                0x08001cfc                D1CorePrescTable
                0x08001d0c                        . = ALIGN (0x4)

.ARM.extab
 *(.ARM.extab* .gnu.linkonce.armextab.*)

.ARM            0x08001d0c        0x0
                0x08001d0c                        __exidx_start = .
 *(.ARM.exidx*)
                0x08001d0c                        __exidx_end = .

.preinit_array  0x08001d0c        0x0
                0x08001d0c                        PROVIDE (__preinit_array_start = .)
 *(.preinit_array*)
                0x08001d0c                        PROVIDE (__preinit_array_end = .)

.init_array     0x08001d0c        0x8
                0x08001d0c                        PROVIDE (__init_array_start = .)
 *(SORT_BY_NAME(.init_array.*))
 .init_array.00000
                0x08001d0c        0x4 C:/Users/alice/133167~1.3RE/bin/../lib/gcc/arm-none-eabi/13.3.1/thumb/v7e-m/nofp\libg.a(libc_a-__call_atexit.o)
 *(.init_array*)
 .init_array    0x08001d10        0x4 C:/Users/alice/133167~1.3RE/bin/../lib/gcc/arm-none-eabi/13.3.1/thumb/v7e-m/nofp/crtbegin.o
                0x08001d14                        PROVIDE (__init_array_end = .)

.fini_array     0x08001d14        0x4
                0x08001d14                        PROVIDE (__fini_array_start = .)
 *(SORT_BY_NAME(.fini_array.*))
 *(.fini_array*)
 .fini_array    0x08001d14        0x4 C:/Users/alice/133167~1.3RE/bin/../lib/gcc/arm-none-eabi/13.3.1/thumb/v7e-m/nofp/crtbegin.o
                0x08001d18                        PROVIDE (__fini_array_end = .)
                0x08001d18                        _sidata = LOADADDR (.data)

.rel.dyn        0x08001d18        0x0
 .rel.iplt      0x08001d18        0x0 C:/Users/alice/133167~1.3RE/bin/../lib/gcc/arm-none-eabi/13.3.1/thumb/v7e-m/nofp/crtbegin.o

.data           0x24000000       0x14 load address 0x08001d18
                0x24000000                        . = ALIGN (0x4)
                0x24000000                        _sdata = .
 *(.data)
 *(.data*)
 .data.SystemD2Clock
                0x24000000        0x4 CMakeFiles/FlashRainbow.elf.dir/Core/Src/system_stm32h7xx.c.obj
                0x24000000                SystemD2Clock
 .data.SystemCoreClock
                0x24000004        0x4 CMakeFiles/FlashRainbow.elf.dir/Core/Src/system_stm32h7xx.c.obj
                0x24000004                SystemCoreClock
 .data.uwTickFreq
                0x24000008        0x1 CMakeFiles/FlashRainbow.elf.dir/Drivers/STM32H7xx_HAL_Driver/Src/stm32h7xx_hal.c.obj
                0x24000008                uwTickFreq
 *fill*         0x24000009        0x3 
 .data.uwTickPrio
                0x2400000c        0x4 CMakeFiles/FlashRainbow.elf.dir/Drivers/STM32H7xx_HAL_Driver/Src/stm32h7xx_hal.c.obj
                0x2400000c                uwTickPrio
 .data.__atexit_recursive_mutex
                0x24000010        0x4 C:/Users/alice/133167~1.3RE/bin/../lib/gcc/arm-none-eabi/13.3.1/thumb/v7e-m/nofp\libg.a(libc_a-__call_atexit.o)
                0x24000010                __atexit_recursive_mutex
 *(.RamFunc)
 *(.RamFunc*)
                0x24000014                        . = ALIGN (0x4)
                0x24000014                        _edata = .

.tm_clone_table
                0x24000014        0x0 load address 0x08001d2c
 .tm_clone_table
                0x24000014        0x0 C:/Users/alice/133167~1.3RE/bin/../lib/gcc/arm-none-eabi/13.3.1/thumb/v7e-m/nofp/crtbegin.o
 .tm_clone_table
                0x24000014        0x0 C:/Users/alice/133167~1.3RE/bin/../lib/gcc/arm-none-eabi/13.3.1/thumb/v7e-m/nofp/crtend.o

.igot.plt       0x24000014        0x0 load address 0x08001d2c
 .igot.plt      0x24000014        0x0 C:/Users/alice/133167~1.3RE/bin/../lib/gcc/arm-none-eabi/13.3.1/thumb/v7e-m/nofp/crtbegin.o
                0x24000014                        . = ALIGN (0x4)

.bss            0x24000014      0x1b8 load address 0x08001d2c
                0x24000014                        _sbss = .
                0x24000014                        __bss_start__ = _sbss
 *(.bss)
 *(.bss*)
 .bss.completed.1
                0x24000014        0x1 C:/Users/alice/133167~1.3RE/bin/../lib/gcc/arm-none-eabi/13.3.1/thumb/v7e-m/nofp/crtbegin.o
 *fill*         0x24000015        0x3 
 .bss.object.0  0x24000018       0x18 C:/Users/alice/133167~1.3RE/bin/../lib/gcc/arm-none-eabi/13.3.1/thumb/v7e-m/nofp/crtbegin.o
 .bss.uwTick    0x24000030        0x4 CMakeFiles/FlashRainbow.elf.dir/Drivers/STM32H7xx_HAL_Driver/Src/stm32h7xx_hal.c.obj
                0x24000030                uwTick
 .bss.__lock___atexit_recursive_mutex
                0x24000034        0x1 C:/Users/alice/133167~1.3RE/bin/../lib/gcc/arm-none-eabi/13.3.1/thumb/v7e-m/nofp\libg.a(libc_a-lock.o)
                0x24000034                __lock___atexit_recursive_mutex
 *fill*         0x24000035        0x3 
 .bss.__atexit  0x24000038        0x4 C:/Users/alice/133167~1.3RE/bin/../lib/gcc/arm-none-eabi/13.3.1/thumb/v7e-m/nofp\libg.a(libc_a-__call_atexit.o)
                0x24000038                __atexit
 .bss.__atexit0
                0x2400003c      0x190 C:/Users/alice/133167~1.3RE/bin/../lib/gcc/arm-none-eabi/13.3.1/thumb/v7e-m/nofp\libg.a(libc_a-__atexit.o)
                0x2400003c                __atexit0
 *(COMMON)
                0x240001cc                        . = ALIGN (0x4)
                0x240001cc                        _ebss = .
                0x240001cc                        __bss_end__ = _ebss

._user_heap_stack
                0x240001cc      0x604 load address 0x08001d2c
                0x240001d0                        . = ALIGN (0x8)
 *fill*         0x240001cc        0x4 
                [!provide]                        PROVIDE (end = .)
                0x240001d0                        PROVIDE (_end = .)
                0x240003d0                        . = (. + _Min_Heap_Size)
 *fill*         0x240001d0      0x200 
                0x240007d0                        . = (. + _Min_Stack_Size)
 *fill*         0x240003d0      0x400 
                0x240007d0                        . = ALIGN (0x8)

/DISCARD/
 libc.a(*)
 libm.a(*)
 libgcc.a(*)

.ARM.attributes
                0x00000000       0x2a
 *(.ARM.attributes)
 .ARM.attributes
                0x00000000       0x1e C:/Users/alice/133167~1.3RE/bin/../lib/gcc/arm-none-eabi/13.3.1/thumb/v7e-m/nofp/crti.o
 .ARM.attributes
                0x0000001e       0x2e C:/Users/alice/133167~1.3RE/bin/../lib/gcc/arm-none-eabi/13.3.1/thumb/v7e-m/nofp/crtbegin.o
 .ARM.attributes
                0x0000004c       0x2e CMakeFiles/FlashRainbow.elf.dir/Core/Src/gpio.c.obj
 .ARM.attributes
                0x0000007a       0x2e CMakeFiles/FlashRainbow.elf.dir/Core/Src/main.c.obj
 .ARM.attributes
                0x000000a8       0x2e CMakeFiles/FlashRainbow.elf.dir/Core/Src/stm32h7xx_hal_msp.c.obj
 .ARM.attributes
                0x000000d6       0x2e CMakeFiles/FlashRainbow.elf.dir/Core/Src/stm32h7xx_it.c.obj
 .ARM.attributes
                0x00000104       0x2e CMakeFiles/FlashRainbow.elf.dir/Core/Src/system_stm32h7xx.c.obj
 .ARM.attributes
                0x00000132       0x21 CMakeFiles/FlashRainbow.elf.dir/Core/Startup/startup_stm32h723vgtx.s.obj
 .ARM.attributes
                0x00000153       0x2e CMakeFiles/FlashRainbow.elf.dir/Drivers/STM32H7xx_HAL_Driver/Src/stm32h7xx_hal.c.obj
 .ARM.attributes
                0x00000181       0x2e CMakeFiles/FlashRainbow.elf.dir/Drivers/STM32H7xx_HAL_Driver/Src/stm32h7xx_hal_cortex.c.obj
 .ARM.attributes
                0x000001af       0x2e CMakeFiles/FlashRainbow.elf.dir/Drivers/STM32H7xx_HAL_Driver/Src/stm32h7xx_hal_gpio.c.obj
 .ARM.attributes
                0x000001dd       0x2e CMakeFiles/FlashRainbow.elf.dir/Drivers/STM32H7xx_HAL_Driver/Src/stm32h7xx_hal_pwr_ex.c.obj
 .ARM.attributes
                0x0000020b       0x2e CMakeFiles/FlashRainbow.elf.dir/Drivers/STM32H7xx_HAL_Driver/Src/stm32h7xx_hal_rcc.c.obj
 .ARM.attributes
                0x00000239       0x1e C:/Users/alice/133167~1.3RE/bin/../lib/gcc/arm-none-eabi/13.3.1/thumb/v7e-m/nofp\libgcc.a(_arm_addsubsf3.o)
 .ARM.attributes
                0x00000257       0x1e C:/Users/alice/133167~1.3RE/bin/../lib/gcc/arm-none-eabi/13.3.1/thumb/v7e-m/nofp\libgcc.a(_arm_muldivsf3.o)
 .ARM.attributes
                0x00000275       0x1e C:/Users/alice/133167~1.3RE/bin/../lib/gcc/arm-none-eabi/13.3.1/thumb/v7e-m/nofp\libgcc.a(_arm_fixunssfsi.o)
 .ARM.attributes
                0x00000293       0x2e C:/Users/alice/133167~1.3RE/bin/../lib/gcc/arm-none-eabi/13.3.1/thumb/v7e-m/nofp\libg.a(libc_a-memset.o)
 .ARM.attributes
                0x000002c1       0x2e C:/Users/alice/133167~1.3RE/bin/../lib/gcc/arm-none-eabi/13.3.1/thumb/v7e-m/nofp\libg.a(libc_a-init.o)
 .ARM.attributes
                0x000002ef       0x2e C:/Users/alice/133167~1.3RE/bin/../lib/gcc/arm-none-eabi/13.3.1/thumb/v7e-m/nofp\libg.a(libc_a-lock.o)
 .ARM.attributes
                0x0000031d       0x2e C:/Users/alice/133167~1.3RE/bin/../lib/gcc/arm-none-eabi/13.3.1/thumb/v7e-m/nofp\libg.a(libc_a-__call_atexit.o)
 .ARM.attributes
                0x0000034b       0x2e C:/Users/alice/133167~1.3RE/bin/../lib/gcc/arm-none-eabi/13.3.1/thumb/v7e-m/nofp\libg.a(libc_a-atexit.o)
 .ARM.attributes
                0x00000379       0x2e C:/Users/alice/133167~1.3RE/bin/../lib/gcc/arm-none-eabi/13.3.1/thumb/v7e-m/nofp\libg.a(libc_a-fini.o)
 .ARM.attributes
                0x000003a7       0x2e C:/Users/alice/133167~1.3RE/bin/../lib/gcc/arm-none-eabi/13.3.1/thumb/v7e-m/nofp\libg.a(libc_a-__atexit.o)
 .ARM.attributes
                0x000003d5       0x2e C:/Users/alice/133167~1.3RE/bin/../lib/gcc/arm-none-eabi/13.3.1/thumb/v7e-m/nofp/crtend.o
 .ARM.attributes
                0x00000403       0x1e C:/Users/alice/133167~1.3RE/bin/../lib/gcc/arm-none-eabi/13.3.1/thumb/v7e-m/nofp/crtn.o
OUTPUT(FlashRainbow.elf elf32-littlearm)
LOAD linker stubs
LOAD C:/Users/alice/133167~1.3RE/bin/../lib/gcc/arm-none-eabi/13.3.1/thumb/v7e-m/nofp\libc.a
LOAD C:/Users/alice/133167~1.3RE/bin/../lib/gcc/arm-none-eabi/13.3.1/thumb/v7e-m/nofp\libm.a
LOAD C:/Users/alice/133167~1.3RE/bin/../lib/gcc/arm-none-eabi/13.3.1/thumb/v7e-m/nofp\libgcc.a

.debug_info     0x00000000     0x75b0
 .debug_info    0x00000000      0x699 CMakeFiles/FlashRainbow.elf.dir/Core/Src/gpio.c.obj
 .debug_info    0x00000699      0x78a CMakeFiles/FlashRainbow.elf.dir/Core/Src/main.c.obj
 .debug_info    0x00000e23      0x460 CMakeFiles/FlashRainbow.elf.dir/Core/Src/stm32h7xx_hal_msp.c.obj
 .debug_info    0x00001283      0x132 CMakeFiles/FlashRainbow.elf.dir/Core/Src/stm32h7xx_it.c.obj
 .debug_info    0x000013b5      0x975 CMakeFiles/FlashRainbow.elf.dir/Core/Src/system_stm32h7xx.c.obj
 .debug_info    0x00001d2a       0x30 CMakeFiles/FlashRainbow.elf.dir/Core/Startup/startup_stm32h723vgtx.s.obj
 .debug_info    0x00001d5a     0x1796 CMakeFiles/FlashRainbow.elf.dir/Drivers/STM32H7xx_HAL_Driver/Src/stm32h7xx_hal.c.obj
 .debug_info    0x000034f0     0x130e CMakeFiles/FlashRainbow.elf.dir/Drivers/STM32H7xx_HAL_Driver/Src/stm32h7xx_hal_cortex.c.obj
 .debug_info    0x000047fe      0xca7 CMakeFiles/FlashRainbow.elf.dir/Drivers/STM32H7xx_HAL_Driver/Src/stm32h7xx_hal_gpio.c.obj
 .debug_info    0x000054a5      0xf2c CMakeFiles/FlashRainbow.elf.dir/Drivers/STM32H7xx_HAL_Driver/Src/stm32h7xx_hal_pwr_ex.c.obj
 .debug_info    0x000063d1     0x11df CMakeFiles/FlashRainbow.elf.dir/Drivers/STM32H7xx_HAL_Driver/Src/stm32h7xx_hal_rcc.c.obj

.debug_abbrev   0x00000000     0x14d9
 .debug_abbrev  0x00000000      0x19c CMakeFiles/FlashRainbow.elf.dir/Core/Src/gpio.c.obj
 .debug_abbrev  0x0000019c      0x237 CMakeFiles/FlashRainbow.elf.dir/Core/Src/main.c.obj
 .debug_abbrev  0x000003d3       0xd9 CMakeFiles/FlashRainbow.elf.dir/Core/Src/stm32h7xx_hal_msp.c.obj
 .debug_abbrev  0x000004ac       0x7c CMakeFiles/FlashRainbow.elf.dir/Core/Src/stm32h7xx_it.c.obj
 .debug_abbrev  0x00000528      0x170 CMakeFiles/FlashRainbow.elf.dir/Core/Src/system_stm32h7xx.c.obj
 .debug_abbrev  0x00000698       0x24 CMakeFiles/FlashRainbow.elf.dir/Core/Startup/startup_stm32h723vgtx.s.obj
 .debug_abbrev  0x000006bc      0x2c3 CMakeFiles/FlashRainbow.elf.dir/Drivers/STM32H7xx_HAL_Driver/Src/stm32h7xx_hal.c.obj
 .debug_abbrev  0x0000097f      0x3ad CMakeFiles/FlashRainbow.elf.dir/Drivers/STM32H7xx_HAL_Driver/Src/stm32h7xx_hal_cortex.c.obj
 .debug_abbrev  0x00000d2c      0x255 CMakeFiles/FlashRainbow.elf.dir/Drivers/STM32H7xx_HAL_Driver/Src/stm32h7xx_hal_gpio.c.obj
 .debug_abbrev  0x00000f81      0x2b5 CMakeFiles/FlashRainbow.elf.dir/Drivers/STM32H7xx_HAL_Driver/Src/stm32h7xx_hal_pwr_ex.c.obj
 .debug_abbrev  0x00001236      0x2a3 CMakeFiles/FlashRainbow.elf.dir/Drivers/STM32H7xx_HAL_Driver/Src/stm32h7xx_hal_rcc.c.obj

.debug_aranges  0x00000000      0x618
 .debug_aranges
                0x00000000       0x20 CMakeFiles/FlashRainbow.elf.dir/Core/Src/gpio.c.obj
 .debug_aranges
                0x00000020       0x38 CMakeFiles/FlashRainbow.elf.dir/Core/Src/main.c.obj
 .debug_aranges
                0x00000058       0x20 CMakeFiles/FlashRainbow.elf.dir/Core/Src/stm32h7xx_hal_msp.c.obj
 .debug_aranges
                0x00000078       0x60 CMakeFiles/FlashRainbow.elf.dir/Core/Src/stm32h7xx_it.c.obj
 .debug_aranges
                0x000000d8       0x30 CMakeFiles/FlashRainbow.elf.dir/Core/Src/system_stm32h7xx.c.obj
 .debug_aranges
                0x00000108       0x28 CMakeFiles/FlashRainbow.elf.dir/Core/Startup/startup_stm32h723vgtx.s.obj
 .debug_aranges
                0x00000130      0x1c8 CMakeFiles/FlashRainbow.elf.dir/Drivers/STM32H7xx_HAL_Driver/Src/stm32h7xx_hal.c.obj
 .debug_aranges
                0x000002f8       0xf8 CMakeFiles/FlashRainbow.elf.dir/Drivers/STM32H7xx_HAL_Driver/Src/stm32h7xx_hal_cortex.c.obj
 .debug_aranges
                0x000003f0       0x58 CMakeFiles/FlashRainbow.elf.dir/Drivers/STM32H7xx_HAL_Driver/Src/stm32h7xx_hal_gpio.c.obj
 .debug_aranges
                0x00000448      0x148 CMakeFiles/FlashRainbow.elf.dir/Drivers/STM32H7xx_HAL_Driver/Src/stm32h7xx_hal_pwr_ex.c.obj
 .debug_aranges
                0x00000590       0x88 CMakeFiles/FlashRainbow.elf.dir/Drivers/STM32H7xx_HAL_Driver/Src/stm32h7xx_hal_rcc.c.obj

.debug_rnglists
                0x00000000      0x4df
 .debug_rnglists
                0x00000000       0x14 CMakeFiles/FlashRainbow.elf.dir/Core/Src/gpio.c.obj
 .debug_rnglists
                0x00000014       0x26 CMakeFiles/FlashRainbow.elf.dir/Core/Src/main.c.obj
 .debug_rnglists
                0x0000003a       0x13 CMakeFiles/FlashRainbow.elf.dir/Core/Src/stm32h7xx_hal_msp.c.obj
 .debug_rnglists
                0x0000004d       0x43 CMakeFiles/FlashRainbow.elf.dir/Core/Src/stm32h7xx_it.c.obj
 .debug_rnglists
                0x00000090       0x21 CMakeFiles/FlashRainbow.elf.dir/Core/Src/system_stm32h7xx.c.obj
 .debug_rnglists
                0x000000b1       0x19 CMakeFiles/FlashRainbow.elf.dir/Core/Startup/startup_stm32h723vgtx.s.obj
 .debug_rnglists
                0x000000ca      0x153 CMakeFiles/FlashRainbow.elf.dir/Drivers/STM32H7xx_HAL_Driver/Src/stm32h7xx_hal.c.obj
 .debug_rnglists
                0x0000021d       0xb5 CMakeFiles/FlashRainbow.elf.dir/Drivers/STM32H7xx_HAL_Driver/Src/stm32h7xx_hal_cortex.c.obj
 .debug_rnglists
                0x000002d2       0x3f CMakeFiles/FlashRainbow.elf.dir/Drivers/STM32H7xx_HAL_Driver/Src/stm32h7xx_hal_gpio.c.obj
 .debug_rnglists
                0x00000311      0x125 CMakeFiles/FlashRainbow.elf.dir/Drivers/STM32H7xx_HAL_Driver/Src/stm32h7xx_hal_pwr_ex.c.obj
 .debug_rnglists
                0x00000436       0xa9 CMakeFiles/FlashRainbow.elf.dir/Drivers/STM32H7xx_HAL_Driver/Src/stm32h7xx_hal_rcc.c.obj

.debug_line     0x00000000     0x43e3
 .debug_line    0x00000000      0x1e5 CMakeFiles/FlashRainbow.elf.dir/Core/Src/gpio.c.obj
 .debug_line    0x000001e5      0x404 CMakeFiles/FlashRainbow.elf.dir/Core/Src/main.c.obj
 .debug_line    0x000005e9      0x156 CMakeFiles/FlashRainbow.elf.dir/Core/Src/stm32h7xx_hal_msp.c.obj
 .debug_line    0x0000073f      0x16d CMakeFiles/FlashRainbow.elf.dir/Core/Src/stm32h7xx_it.c.obj
 .debug_line    0x000008ac      0x42d CMakeFiles/FlashRainbow.elf.dir/Core/Src/system_stm32h7xx.c.obj
 .debug_line    0x00000cd9       0x7b CMakeFiles/FlashRainbow.elf.dir/Core/Startup/startup_stm32h723vgtx.s.obj
 .debug_line    0x00000d54      0x9ab CMakeFiles/FlashRainbow.elf.dir/Drivers/STM32H7xx_HAL_Driver/Src/stm32h7xx_hal.c.obj
 .debug_line    0x000016ff      0x861 CMakeFiles/FlashRainbow.elf.dir/Drivers/STM32H7xx_HAL_Driver/Src/stm32h7xx_hal_cortex.c.obj
 .debug_line    0x00001f60      0x711 CMakeFiles/FlashRainbow.elf.dir/Drivers/STM32H7xx_HAL_Driver/Src/stm32h7xx_hal_gpio.c.obj
 .debug_line    0x00002671      0xa6a CMakeFiles/FlashRainbow.elf.dir/Drivers/STM32H7xx_HAL_Driver/Src/stm32h7xx_hal_pwr_ex.c.obj
 .debug_line    0x000030db     0x1308 CMakeFiles/FlashRainbow.elf.dir/Drivers/STM32H7xx_HAL_Driver/Src/stm32h7xx_hal_rcc.c.obj

.debug_str      0x00000000     0x2900
 .debug_str     0x00000000     0x2900 CMakeFiles/FlashRainbow.elf.dir/Core/Src/gpio.c.obj
                                0x4e3 (size before relaxing)
 .debug_str     0x00002900      0x5c1 CMakeFiles/FlashRainbow.elf.dir/Core/Src/main.c.obj
 .debug_str     0x00002900      0x406 CMakeFiles/FlashRainbow.elf.dir/Core/Src/stm32h7xx_hal_msp.c.obj
 .debug_str     0x00002900      0x253 CMakeFiles/FlashRainbow.elf.dir/Core/Src/stm32h7xx_it.c.obj
 .debug_str     0x00002900      0x61f CMakeFiles/FlashRainbow.elf.dir/Core/Src/system_stm32h7xx.c.obj
 .debug_str     0x00002900       0x83 CMakeFiles/FlashRainbow.elf.dir/Core/Startup/startup_stm32h723vgtx.s.obj
 .debug_str     0x00002900     0x15b0 CMakeFiles/FlashRainbow.elf.dir/Drivers/STM32H7xx_HAL_Driver/Src/stm32h7xx_hal.c.obj
 .debug_str     0x00002900     0x1055 CMakeFiles/FlashRainbow.elf.dir/Drivers/STM32H7xx_HAL_Driver/Src/stm32h7xx_hal_cortex.c.obj
 .debug_str     0x00002900      0x6ea CMakeFiles/FlashRainbow.elf.dir/Drivers/STM32H7xx_HAL_Driver/Src/stm32h7xx_hal_gpio.c.obj
 .debug_str     0x00002900      0x9c8 CMakeFiles/FlashRainbow.elf.dir/Drivers/STM32H7xx_HAL_Driver/Src/stm32h7xx_hal_pwr_ex.c.obj
 .debug_str     0x00002900      0xa11 CMakeFiles/FlashRainbow.elf.dir/Drivers/STM32H7xx_HAL_Driver/Src/stm32h7xx_hal_rcc.c.obj

.comment        0x00000000       0x45
 .comment       0x00000000       0x45 CMakeFiles/FlashRainbow.elf.dir/Core/Src/gpio.c.obj
                                 0x46 (size before relaxing)
 .comment       0x00000045       0x46 CMakeFiles/FlashRainbow.elf.dir/Core/Src/main.c.obj
 .comment       0x00000045       0x46 CMakeFiles/FlashRainbow.elf.dir/Core/Src/stm32h7xx_hal_msp.c.obj
 .comment       0x00000045       0x46 CMakeFiles/FlashRainbow.elf.dir/Core/Src/stm32h7xx_it.c.obj
 .comment       0x00000045       0x46 CMakeFiles/FlashRainbow.elf.dir/Core/Src/system_stm32h7xx.c.obj
 .comment       0x00000045       0x46 CMakeFiles/FlashRainbow.elf.dir/Drivers/STM32H7xx_HAL_Driver/Src/stm32h7xx_hal.c.obj
 .comment       0x00000045       0x46 CMakeFiles/FlashRainbow.elf.dir/Drivers/STM32H7xx_HAL_Driver/Src/stm32h7xx_hal_cortex.c.obj
 .comment       0x00000045       0x46 CMakeFiles/FlashRainbow.elf.dir/Drivers/STM32H7xx_HAL_Driver/Src/stm32h7xx_hal_gpio.c.obj
 .comment       0x00000045       0x46 CMakeFiles/FlashRainbow.elf.dir/Drivers/STM32H7xx_HAL_Driver/Src/stm32h7xx_hal_pwr_ex.c.obj
 .comment       0x00000045       0x46 CMakeFiles/FlashRainbow.elf.dir/Drivers/STM32H7xx_HAL_Driver/Src/stm32h7xx_hal_rcc.c.obj

.debug_frame    0x00000000      0xf54
 .debug_frame   0x00000000       0x30 CMakeFiles/FlashRainbow.elf.dir/Core/Src/gpio.c.obj
 .debug_frame   0x00000030       0x78 CMakeFiles/FlashRainbow.elf.dir/Core/Src/main.c.obj
 .debug_frame   0x000000a8       0x28 CMakeFiles/FlashRainbow.elf.dir/Core/Src/stm32h7xx_hal_msp.c.obj
 .debug_frame   0x000000d0       0xa8 CMakeFiles/FlashRainbow.elf.dir/Core/Src/stm32h7xx_it.c.obj
 .debug_frame   0x00000178       0x50 CMakeFiles/FlashRainbow.elf.dir/Core/Src/system_stm32h7xx.c.obj
 .debug_frame   0x000001c8      0x3c0 CMakeFiles/FlashRainbow.elf.dir/Drivers/STM32H7xx_HAL_Driver/Src/stm32h7xx_hal.c.obj
 .debug_frame   0x00000588      0x214 CMakeFiles/FlashRainbow.elf.dir/Drivers/STM32H7xx_HAL_Driver/Src/stm32h7xx_hal_cortex.c.obj
 .debug_frame   0x0000079c       0xd0 CMakeFiles/FlashRainbow.elf.dir/Drivers/STM32H7xx_HAL_Driver/Src/stm32h7xx_hal_gpio.c.obj
 .debug_frame   0x0000086c      0x2d4 CMakeFiles/FlashRainbow.elf.dir/Drivers/STM32H7xx_HAL_Driver/Src/stm32h7xx_hal_pwr_ex.c.obj
 .debug_frame   0x00000b40      0x180 CMakeFiles/FlashRainbow.elf.dir/Drivers/STM32H7xx_HAL_Driver/Src/stm32h7xx_hal_rcc.c.obj
 .debug_frame   0x00000cc0       0x4c C:/Users/alice/133167~1.3RE/bin/../lib/gcc/arm-none-eabi/13.3.1/thumb/v7e-m/nofp\libgcc.a(_arm_addsubsf3.o)
 .debug_frame   0x00000d0c       0x38 C:/Users/alice/133167~1.3RE/bin/../lib/gcc/arm-none-eabi/13.3.1/thumb/v7e-m/nofp\libgcc.a(_arm_muldivsf3.o)
 .debug_frame   0x00000d44       0x24 C:/Users/alice/133167~1.3RE/bin/../lib/gcc/arm-none-eabi/13.3.1/thumb/v7e-m/nofp\libgcc.a(_arm_fixunssfsi.o)
 .debug_frame   0x00000d68       0x2c C:/Users/alice/133167~1.3RE/bin/../lib/gcc/arm-none-eabi/13.3.1/thumb/v7e-m/nofp\libg.a(libc_a-memset.o)
 .debug_frame   0x00000d94       0x2c C:/Users/alice/133167~1.3RE/bin/../lib/gcc/arm-none-eabi/13.3.1/thumb/v7e-m/nofp\libg.a(libc_a-init.o)
 .debug_frame   0x00000dc0       0xb0 C:/Users/alice/133167~1.3RE/bin/../lib/gcc/arm-none-eabi/13.3.1/thumb/v7e-m/nofp\libg.a(libc_a-lock.o)
 .debug_frame   0x00000e70       0x5c C:/Users/alice/133167~1.3RE/bin/../lib/gcc/arm-none-eabi/13.3.1/thumb/v7e-m/nofp\libg.a(libc_a-__call_atexit.o)
 .debug_frame   0x00000ecc       0x20 C:/Users/alice/133167~1.3RE/bin/../lib/gcc/arm-none-eabi/13.3.1/thumb/v7e-m/nofp\libg.a(libc_a-atexit.o)
 .debug_frame   0x00000eec       0x34 C:/Users/alice/133167~1.3RE/bin/../lib/gcc/arm-none-eabi/13.3.1/thumb/v7e-m/nofp\libg.a(libc_a-fini.o)
 .debug_frame   0x00000f20       0x34 C:/Users/alice/133167~1.3RE/bin/../lib/gcc/arm-none-eabi/13.3.1/thumb/v7e-m/nofp\libg.a(libc_a-__atexit.o)

.debug_loclists
                0x00000000     0x1508
 .debug_loclists
                0x00000000      0x155 CMakeFiles/FlashRainbow.elf.dir/Core/Src/system_stm32h7xx.c.obj
 .debug_loclists
                0x00000155      0x2e8 CMakeFiles/FlashRainbow.elf.dir/Drivers/STM32H7xx_HAL_Driver/Src/stm32h7xx_hal.c.obj
 .debug_loclists
                0x0000043d      0x50a CMakeFiles/FlashRainbow.elf.dir/Drivers/STM32H7xx_HAL_Driver/Src/stm32h7xx_hal_cortex.c.obj
 .debug_loclists
                0x00000947      0x2a0 CMakeFiles/FlashRainbow.elf.dir/Drivers/STM32H7xx_HAL_Driver/Src/stm32h7xx_hal_gpio.c.obj
 .debug_loclists
                0x00000be7      0x2be CMakeFiles/FlashRainbow.elf.dir/Drivers/STM32H7xx_HAL_Driver/Src/stm32h7xx_hal_pwr_ex.c.obj
 .debug_loclists
                0x00000ea5      0x663 CMakeFiles/FlashRainbow.elf.dir/Drivers/STM32H7xx_HAL_Driver/Src/stm32h7xx_hal_rcc.c.obj

.debug_line_str
                0x00000000      0x132
 .debug_line_str
                0x00000000      0x132 CMakeFiles/FlashRainbow.elf.dir/Core/Startup/startup_stm32h723vgtx.s.obj
                                 0x67 (size before relaxing)
 .debug_line_str
                0x00000132       0xcb C:/Users/alice/133167~1.3RE/bin/../lib/gcc/arm-none-eabi/13.3.1/thumb/v7e-m/nofp\libgcc.a(_arm_addsubsf3.o)
 .debug_line_str
                0x00000132       0xcb C:/Users/alice/133167~1.3RE/bin/../lib/gcc/arm-none-eabi/13.3.1/thumb/v7e-m/nofp\libgcc.a(_arm_muldivsf3.o)
 .debug_line_str
                0x00000132       0xcb C:/Users/alice/133167~1.3RE/bin/../lib/gcc/arm-none-eabi/13.3.1/thumb/v7e-m/nofp\libgcc.a(_arm_fixunssfsi.o)
